Archive member included because of file (symbol)

../bwlib\libwatermark.a(image_watermark.o)
                              ./Debug/taskPhotoEncode.c.o (watermark_bmp2yuv_init)
../bwlib\libinterface.a(userInterface.o)
                              ./Debug/taskPhotoEncodeMsg.c.o (animationInit)
../bwlib\liblimage.a(imageL_encode.o)
                              ./Debug/src_hal_mjpeg.c.o (hal_mjpeg_rev_buf_set)
../bwlib\libmp3.a(mp3_decode_api.o)
                              ./Debug/taskAudioPlayer.c.o (mp3_dac_memInit)
../bwlib\libmp3.a(decoder.o)  ../bwlib\libmp3.a(mp3_decode_api.o) (mad_decoder_init)
../bwlib\libmp3.a(stream.o)   ../bwlib\libmp3.a(decoder.o) (mad_stream_init)
../bwlib\libmp3.a(synth.o)    ../bwlib\libmp3.a(decoder.o) (mad_synth_init)
../bwlib\libmp3.a(bit.o)      ../bwlib\libmp3.a(stream.o) (mad_bit_init)
../bwlib\libmp3.a(frame.o)    ../bwlib\libmp3.a(decoder.o) (mad_frame_finish)
../bwlib\libmp3.a(layer12.o)  ../bwlib\libmp3.a(frame.o) (mad_layer_I)
../bwlib\libmp3.a(timer.o)    ../bwlib\libmp3.a(frame.o) (mad_timer_set)
../bwlib\libmp3.a(layer3.o)   ../bwlib\libmp3.a(frame.o) (mad_layer_III)
../bwlib\libmp3.a(huffman.o)  ../bwlib\libmp3.a(layer3.o) (mad_huff_pair_table)
../bwlib\libsd.a(ax32xx_sd.o)
                              ./Debug/src_hal_sd.c.o (ax32xx_sd0Init)
../bwlib\libavi.a(aviEncoder.o)
                              ./Debug/video_video_record.c.o (aviEncodeInit)
../bwlib\libavi.a(encoder_std.o)
                              ../bwlib\libavi.a(aviEncoder.o) (avi_encoder_std)
../bwlib\libavi.a(encoder_odml.o)
                              ../bwlib\libavi.a(aviEncoder.o) (avi_odmlAddoffset)
../bwlib\libavi.a(aviDecoder.o)
                              ./Debug/video_video_playback.c.o (aviDecodeInit)
../bwlib\libavi.a(decoder_std.o)
                              ../bwlib\libavi.a(aviDecoder.o) (avi_standard)
../bwlib\libavi.a(decoder_odml.o)
                              ../bwlib\libavi.a(aviDecoder.o) (avi_opendml)
../bwlib\libfs.a(fs.o)        ./Debug/taskSysScanDevice.c.o (fs_nodeinit)
../bwlib\libfs.a(diskio.o)    ./Debug/main.c.o (fs_init)
../bwlib\libfs.a(ff.o)        ../bwlib\libfs.a(fs.o) (clst2sect)
../bwlib\libfs.a(ffunicode.o)
                              ../bwlib\libfs.a(ff.o) (ff_uni2oem)
C:/MinGW-4.7.1/or1k-elf/lib/no-delay\libc.a(lib_a-memcmp.o)
                              ../bwlib\libfs.a(ff.o) (memcmp)
C:/MinGW-4.7.1/or1k-elf/lib/no-delay\libc.a(lib_a-memcpy.o)
                              ./Debug/resource_manager.c.o (memcpy)
C:/MinGW-4.7.1/or1k-elf/lib/no-delay\libc.a(lib_a-memmove.o)
                              ./Debug/game_tetris.c.o (memmove)
C:/MinGW-4.7.1/or1k-elf/lib/no-delay\libc.a(lib_a-memset.o)
                              ./Debug/main.c.o (memset)
C:/MinGW-4.7.1/or1k-elf/lib/no-delay\libc.a(lib_a-rand.o)
                              ./Debug/taskAudioPlayerMsg.c.o (rand)
C:/MinGW-4.7.1/or1k-elf/lib/no-delay\libc.a(lib_a-strcasecmp.o)
                              ./Debug/resource_manager.c.o (strcasecmp)
C:/MinGW-4.7.1/or1k-elf/lib/no-delay\libc.a(lib_a-strcat.o)
                              ./Debug/resource_manager.c.o (strcat)
C:/MinGW-4.7.1/or1k-elf/lib/no-delay\libc.a(lib_a-strchr.o)
                              ../bwlib\libfs.a(ff.o) (strchr)
C:/MinGW-4.7.1/or1k-elf/lib/no-delay\libc.a(lib_a-strcmp.o)
                              ./Debug/resource_manager.c.o (strcmp)
C:/MinGW-4.7.1/or1k-elf/lib/no-delay\libc.a(lib_a-strcpy.o)
                              ./Debug/resource_manager.c.o (strcpy)
C:/MinGW-4.7.1/or1k-elf/lib/no-delay\libc.a(lib_a-strlen.o)
                              ./Debug/resource_manager.c.o (strlen)
C:/MinGW-4.7.1/or1k-elf/lib/no-delay\libc.a(lib_a-strncmp.o)
                              ./Debug/resource_manager.c.o (strncmp)
C:/MinGW-4.7.1/or1k-elf/lib/no-delay\libc.a(lib_a-strstr.o)
                              ../bwlib\liblimage.a(imageL_encode.o) (strstr)
C:/MinGW-4.7.1/or1k-elf/lib/no-delay\libc.a(lib_a-ctype_.o)
                              C:/MinGW-4.7.1/or1k-elf/lib/no-delay\libc.a(lib_a-strcasecmp.o) (__ctype_ptr__)
C:/MinGW-4.7.1/or1k-elf/lib/no-delay\libc.a(lib_a-getreent.o)
                              C:/MinGW-4.7.1/or1k-elf/lib/no-delay\libc.a(lib_a-rand.o) (__getreent)
C:/MinGW-4.7.1/or1k-elf/lib/no-delay\libc.a(lib_a-impure.o)
                              C:/MinGW-4.7.1/or1k-elf/lib/no-delay\libc.a(lib_a-getreent.o) (_impure_ptr)
C:/MinGW-4.7.1/or1k-elf/lib/no-delay\libc.a(lib_a-memchr.o)
                              C:/MinGW-4.7.1/or1k-elf/lib/no-delay\libc.a(lib_a-strstr.o) (memchr)
C:/MinGW-4.7.1/lib/gcc/or1k-elf/4.9.1/no-delay\libgcc.a(_muldi3.o)
                              ../bwlib\libmp3.a(mp3_decode_api.o) (__muldi3)
C:/MinGW-4.7.1/lib/gcc/or1k-elf/4.9.1/no-delay\libgcc.a(_udivdi3.o)
                              ../bwlib\libmp3.a(mp3_decode_api.o) (__udivdi3)
C:/MinGW-4.7.1/lib/gcc/or1k-elf/4.9.1/no-delay\libgcc.a(addsf3.o)
[...]
Memory Configuration

Name             Origin             Length             Attributes
boot             0x01fffc00         0x00000200
ram_boot         0x00000000         0x00005000
ram_user         0x00000000         0x00005000
usbfifo          0x00008000         0x00001000
sdram            0x02000000         0x00200000
exsdram          0x00000000         0x00800000
*default*        0x00000000         0xffffffff

Linker script and memory map

LOAD ./Debug/ax32xx_reset.S.o
LOAD ./Debug/ax32xx_spi_boot_cfg.S.o
LOAD ./Debug/ax32xx_BLDRX32.S.o
LOAD ./Debug/main.c.o
LOAD ./Debug/resource_manager.c.o
LOAD ./Debug/upgrade.c.o
LOAD ./Debug/board.c.o
LOAD ./Debug/board_bwv1.c.o
LOAD ./Debug/config.c.o
LOAD ./Debug/display.c.o
LOAD ./Debug/explorer.c.o
LOAD ./Debug/filelist.c.o
LOAD ./Debug/font.c.o
LOAD ./Debug/icon.c.o
LOAD ./Debug/configGetValue.c.o
LOAD ./Debug/configSystem.c.o
LOAD ./Debug/logo.c.o
LOAD ./Debug/menuMovieRec.c.o
LOAD ./Debug/msgDeal.c.o
LOAD ./Debug/msgSysRecommend.c.o
LOAD ./Debug/msgSysUnshielded.c.o
LOAD ./Debug/taskManage.c.o
LOAD ./Debug/taskPhotoEncode.c.o
LOAD ./Debug/taskPhotoEncodeMsg.c.o
LOAD ./Debug/taskPlayBack.c.o
LOAD ./Debug/taskPlayBackMsg.c.o
LOAD ./Debug/taskPowerOff.c.o
LOAD ./Debug/taskSysScanDevice.c.o
LOAD ./Debug/taskUsbDevice.c.o
LOAD ./Debug/taskVideoRecord.c.o
LOAD ./Debug/taskVideoRecordMsg.c.o
LOAD ./Debug/toolFunc.c.o
LOAD ./Debug/uiAsternMsg.c.o
LOAD ./Debug/uiMenuDateTimeMsg.c.o
LOAD ./Debug/uiMenuDefaultMsg.c.o
LOAD ./Debug/uiMenuDelCurMsg.c.o
LOAD ./Debug/uiMenuFormatMsg.c.o
LOAD ./Debug/uiMenuItemMsg.c.o
LOAD ./Debug/uiMenuOptionMsg.c.o
LOAD ./Debug/uiNoFileMsg.c.o
LOAD ./Debug/uiTips1Msg.c.o
LOAD ./Debug/uiTipsMsg.c.o
LOAD ./Debug/uiWin.c.o
LOAD ./Debug/uiMenuVersionMsg.c.o
LOAD ./Debug/taskMainMenu.c.o
LOAD ./Debug/taskMainMenuMsg.c.o
LOAD ./Debug/taskGameMenu.c.o
LOAD ./Debug/taskGameMenuMsg.c.o
LOAD ./Debug/taskAudioPlayer.c.o
LOAD ./Debug/taskAudioPlayerMsg.c.o
LOAD ./Debug/game_block.c.o
LOAD ./Debug/game_snake.c.o
LOAD ./Debug/game_sokoban.c.o
LOAD ./Debug/game_tetris.c.o
LOAD ./Debug/taskGame.c.o
LOAD ./Debug/game_maze.c.o
LOAD ./Debug/taskSettingMenu.c.o
LOAD ./Debug/xos_x_cpu.c.o
LOAD ./Debug/xos_xmbox.c.o
LOAD ./Debug/xos_xmsgq.c.o
LOAD ./Debug/xos_xos.c.o
LOAD ./Debug/xos_xwork.c.o
LOAD ./Debug/multimedia_user_media.c.o
LOAD ./Debug/multimedia_user_effect.c.o
LOAD ./Debug/sUI_dialog.c.o
LOAD ./Debug/sUI_frameWin.c.o
LOAD ./Debug/sUI_imageIcon.c.o
LOAD ./Debug/sUI_itemManage.c.o
LOAD ./Debug/sUI_menuItem.c.o
LOAD ./Debug/sUI_menuOption.c.o
LOAD ./Debug/sUI_progressBar.c.o
LOAD ./Debug/sUI_rect.c.o
LOAD ./Debug/sUI_stringIcon.c.o
LOAD ./Debug/sUI_uiAlloc.c.o
LOAD ./Debug/sUI_widget.c.o
LOAD ./Debug/sUI_winManage.c.o
LOAD ./Debug/sUI_memPool.c.o
LOAD ./Debug/sUI_widgetManage.c.o
LOAD ./Debug/src_ax32xx_int.c.o
LOAD ./Debug/src_ax32xx_sys.c.o
LOAD ./Debug/src_ax32xx_dma.c.o
LOAD ./Debug/src_ax32xx_wdt.c.o
LOAD ./Debug/src_ax32xx_gpio.c.o
LOAD ./Debug/src_ax32xx_uart.c.o
LOAD ./Debug/src_ax32xx_timer.c.o
LOAD ./Debug/src_ax32xx_tminf.c.o
LOAD ./Debug/src_ax32xx_spi.c.o
LOAD ./Debug/src_ax32xx_rtc.c.o
LOAD ./Debug/src_ax32xx_iic.c.o
LOAD ./Debug/src_ax32xx_dac.c.o
LOAD ./Debug/src_ax32xx_adc.c.o
LOAD ./Debug/src_ax32xx_auadc.c.o
LOAD ./Debug/src_ax32xx_isp.c.o
LOAD ./Debug/src_jpeg_table.c.o
LOAD ./Debug/src_ax32xx_usb.c.o
LOAD ./Debug/src_ax32xx_misc.c.o
LOAD ./Debug/src_ax32xx_pip.c.o
LOAD ./Debug/src_ax32xx_btuart.c.o
LOAD ./Debug/src_ax32xx_crc.c.o
LOAD ./Debug/src_ax32xx_emi.c.o
LOAD ./Debug/src_ax32xx_rotate.c.o
LOAD ./Debug/src_ax32xx_osdcmp.c.o
LOAD ./Debug/osd_ax32xx_osd.c.o
LOAD ./Debug/csi_ax32xx_csi.c.o
LOAD ./Debug/lcd_ax32xx_lcd.c.o
LOAD ./Debug/mjpeg_ax32xx_mjpeg.c.o
LOAD ./Debug/resource_user_icon.c.o
LOAD ./Debug/resource_user_str.c.o
LOAD ./Debug/src_hal_adc.c.o
LOAD ./Debug/src_hal_csi.c.o
LOAD ./Debug/src_hal_dac.c.o
LOAD ./Debug/src_hal_eeprom.c.o
LOAD ./Debug/src_hal_gpio.c.o
LOAD ./Debug/src_hal_iic.c.o
LOAD ./Debug/src_hal_lcd.c.o
LOAD ./Debug/src_hal_osd.c.o
LOAD ./Debug/src_hal_rtc.c.o
LOAD ./Debug/src_hal_sd.c.o
LOAD ./Debug/src_hal_spi.c.o
LOAD ./Debug/src_hal_timer.c.o
LOAD ./Debug/src_hal_uart.c.o
LOAD ./Debug/src_hal_watermark.c.o
LOAD ./Debug/src_hal_sys.c.o
LOAD ./Debug/src_hal_auadc.c.o
LOAD ./Debug/src_hal_mjpeg.c.o
LOAD ./Debug/src_hal_int.c.o
LOAD ./Debug/src_hal_wdt.c.o
LOAD ./Debug/src_hal_stream.c.o
LOAD ./Debug/src_hal_emi.c.o
LOAD ./Debug/src_hal_osdcmp.c.o
LOAD ./Debug/src_hal_rotate.c.o
LOAD ./Debug/src_hal_lcdframe.c.o
LOAD ./Debug/src_hal_custom_yuv.c.o
LOAD ./Debug/dusb_hal_usb_api.c.o
LOAD ./Debug/dusb_hal_usb_dev_enum.c.o
LOAD ./Debug/dusb_hal_usb_msc.c.o
LOAD ./Debug/dusb_hal_usb_uac.c.o
LOAD ./Debug/dusb_hal_usb_uvc.c.o
LOAD ./Debug/audio_audio_playback.c.o
LOAD ./Debug/audio_audio_record.c.o
LOAD ./Debug/audio_ring_buffer.c.o
LOAD ./Debug/video_video_playback.c.o
LOAD ./Debug/video_video_record.c.o
LOAD ./Debug/image_image_decode.c.o
LOAD ./Debug/wav_alaw.c.o
LOAD ./Debug/wav_imaadpcm.c.o
LOAD ./Debug/wav_pcm.c.o
LOAD ./Debug/wav_ulaw.c.o
LOAD ./Debug/wav_wav.c.o
LOAD ./Debug/stream_stream.c.o
LOAD ./Debug/unifont_ebook_font.c.o
LOAD ./Debug/unifont_ebook_port.c.o
LOAD ./Debug/cmos_sensor_cmos_sensor.c.o
LOAD ./Debug/cmos_sensor_SENSOR_BF2013.c.o
LOAD ./Debug/cmos_sensor_SENSOR_BF3016.c.o
LOAD ./Debug/cmos_sensor_SENSOR_BF3703.c.o
LOAD ./Debug/cmos_sensor_SENSOR_GC0307.c.o
LOAD ./Debug/cmos_sensor_SENSOR_GC0308.c.o
LOAD ./Debug/cmos_sensor_SENSOR_GC0309.c.o
LOAD ./Debug/cmos_sensor_SENSOR_GC0328.c.o
LOAD ./Debug/cmos_sensor_SENSOR_GC1004.c.o
LOAD ./Debug/cmos_sensor_SENSOR_H42.c.o
LOAD ./Debug/cmos_sensor_SENSOR_H7640.c.o
LOAD ./Debug/cmos_sensor_SENSOR_HM1055.c.o
LOAD ./Debug/cmos_sensor_SENSOR_IT03A1.c.o
LOAD ./Debug/cmos_sensor_SENSOR_NT99141.c.o
LOAD ./Debug/cmos_sensor_SENSOR_NT99142.c.o
LOAD ./Debug/cmos_sensor_SENSOR_OV7670.c.o
LOAD ./Debug/cmos_sensor_SENSOR_OV7725.c.o
LOAD ./Debug/cmos_sensor_SENSOR_OV9710.c.o
LOAD ./Debug/cmos_sensor_SENSOR_OV9732.c.o
LOAD ./Debug/cmos_sensor_SENSOR_SC1045.c.o
LOAD ./Debug/cmos_sensor_SENSOR_SIV100B.c.o
LOAD ./Debug/cmos_sensor_SENSOR_SIV120B.c.o
LOAD ./Debug/cmos_sensor_SENSOR_SIV121DS.c.o
LOAD ./Debug/cmos_sensor_SENSOR_SP1409.c.o
LOAD ./Debug/cmos_sensor_SENSOR_H62.c.o
LOAD ./Debug/cmos_sensor_SENSOR_GC1034.c.o
LOAD ./Debug/cmos_sensor_SENSOR_OV7736.c.o
LOAD ./Debug/cmos_sensor_SENSOR_SP140A.c.o
LOAD ./Debug/cmos_sensor_SENSOR_GC1054.c.o
LOAD ./Debug/cmos_sensor_SENSOR_GC1064.c.o
LOAD ./Debug/cmos_sensor_SENSOR_H63.c.o
LOAD ./Debug/cmos_sensor_SENSOR_GC1084.c.o
LOAD ./Debug/cmos_sensor_SENSOR_H63P.c.o
LOAD ./Debug/cmos_sensor_SENSOR_BF3a03after.c.o
LOAD ./Debug/cmos_sensor_SENSOR_BF3a03front.c.o
LOAD ./Debug/cmos_sensor_SENSOR_BF20A6.c.o
LOAD ./Debug/tft_lcd_lcd_mcu_st7789.c.o
LOAD ./Debug/tft_lcd_lcd_rgb_jl_lcd.c.o
LOAD ./Debug/tft_lcd_lcd_rgb_st7282.c.o
LOAD ./Debug/tft_lcd_tft_lcd.c.o
LOAD ./Debug/tft_lcd_lcd_mcu_5420.c.o
LOAD ./Debug/tft_lcd_lcd_mcu_r61509v.c.o
LOAD ./Debug/tft_lcd_lcd_rgb_ili8961.c.o
LOAD ./Debug/tft_lcd_lcd_rgb_ili9342c.c.o
LOAD ./Debug/tft_lcd_lcd_mcu_ili9328.c.o
LOAD ./Debug/tft_lcd_lcd_mcu_hx8352b.c.o
LOAD ./Debug/tft_lcd_lcd_mcu_st7789v.c.o
LOAD ./Debug/tft_lcd_lcd_mcu_hx8352c.c.o
LOAD ./Debug/tft_lcd_lcd_mcu_hx8357b.c.o
LOAD ./Debug/tft_lcd_lcd_rgb_ili9806e.c.o
LOAD ./Debug/tft_lcd_lcd_rgb_ota5182.c.o
LOAD ./Debug/tft_lcd_lcd_rgb_st7701.c.o
LOAD ./Debug/tft_lcd_lcd_mcu_lgdp4532.c.o
LOAD ./Debug/tft_lcd_lcd_mcu_9225G.c.o
LOAD ./Debug/tft_lcd_lcd_mcu_st7789_666format.c.o
LOAD ./Debug/tft_lcd_lcd_mcu_ili9341.c.o
LOAD ./Debug/tft_lcd_lcd_mcu_nv3030a.c.o
LOAD ./Debug/tft_lcd_lcd_mcu_nv3030b.c.o
LOAD ./Debug/printer_printer.c.o
LOAD ./Debug/nvfs_nvfs.c.o
LOAD ./Debug/Maxlib_max_user.c.o
LOAD ./Debug/Maxlib_uiDraw.c.o
LOAD ./Debug/std_misc.c.o
LOAD ./Debug/std_std_math.c.o
LOAD ./Debug/std_str.c.o
LOAD ./Debug/res_ascii.c.o
LOAD ./Debug/res_ascii_default.c.o
LOAD ./Debug/res_ascii_default_draw.c.o
LOAD ./Debug/res_R.c.o
LOAD ./Debug/res_R_icon.c.o
LOAD ./Debug/res_R_string.c.o
LOAD ./Debug/res_ascii_num3.c.o
LOAD ./Debug/res_ascii_num3_draw.c.o
LOAD ../bwlib\libwatermark.a
LOAD ../bwlib\libinterface.a
LOAD ../bwlib\liblimage.a
LOAD ../bwlib\libmp3.a
LOAD ../bwlib\libsd.a
LOAD ../bwlib\libavi.a
LOAD ../bwlib\libfs.a
LOAD C:/MinGW-4.7.1/or1k-elf/lib/no-delay\libc.a
LOAD C:/MinGW-4.7.1/lib/gcc/or1k-elf/4.9.1/no-delay\libgcc.a

.bootsec        0x01fffc00      0x200 load address 0x00000000
 *(.bootsec)
 .bootsec       0x01fffc00      0x200 ./Debug/ax32xx_BLDRX32.S.o
                0x01fffc10                hex
                0x01fffc10                .hex
                0x01fffd8c                .bootsect

.exception      0x00000000     0x22f4 load address 0x00000200
                0x00000000                _exception_vma = .
 *(.vector)
 .vector        0x00000000      0x3e8 ./Debug/ax32xx_reset.S.o
                0x0000031c                _start
                0x00000358                _step_in
                0x0000039c                _step_out
 *(.vector.text)
 .vector.text   0x000003e8     0x1ad8 ./Debug/src_ax32xx_int.c.o
                0x0000052c                _rtcRamWrite
                0x000005d4                _rtcRamRead
                0x00000688                my_putchar
                0x0000069c                exception_uart_puts
                0x000006e4                my_memset
                0x00000714                exception_init
                0x000007b8                ax32xx_vddrtcCalculate
                0x000007e4                dllcon_init
                0x00000990                sdram_init
                0x00000a60                sysClkSet
                0x00000abc                sdram_tuning_check_2
                0x00000c3c                _sdr_tuning2_conifg_set
                0x00000c5c                check_if_xosc_exist
                0x00000d30                init_sys_clk
                0x00001174                crc_cal
                0x000011e8                sdram_clock_tune
                0x00001bec                exception
                0x00001ea4                exception_trigger
 *(.vector.data)
 .vector.data   0x00001ec0      0x100 ./Debug/ax32xx_reset.S.o
                0x00001ec0                _step_data
 .vector.data   0x00001fc0      0x334 ./Debug/src_ax32xx_int.c.o
                0x00001fc0                tune_values
                0x00002140                tune_by
                0x0000214c                tune_tab_2_dll
                0x0000215c                tune_tab_1_dll
                0x0000216c                tune_tab_2_clk
                0x0000218c                tune_tab_1_clk
                0x000021ac                tuning_test_addr
                0x0000222c                tuning_test_data
                0x000022ac                SDRTUN2_CON
                0x000022b4                sdr_tune_source
                0x000022b8                chip_vision

.ram            0x000022f4     0x2660 load address 0x000024f4
                0x000022f4                __sram_start = .
 *(.msk_var_use)
 *(.sdc_buf)
 .sdc_buf       0x000022f4       0x40 ../bwlib\libsd.a(ax32xx_sd.o)
 *(.sram_comm)
 .sram_comm     0x00002334       0x60 ./Debug/xos_xmsgq.c.o
 .sram_comm     0x00002394     0x25c0 ./Debug/src_hal_sys.c.o
                0x00002394                ramuse
                0x00004954                __sram_end = .

.fifo           0x00008000      0xce0
                0x00008000                __ufifo_start = .
 *(.sram_Usbfifo)
 .sram_Usbfifo  0x00008000      0xce0 ./Debug/src_hal_sys.c.o
                0x00008000                usbfifo
                0x00008ce0                __ufifo_end = .

.text           0x02000000    0x84c40 load address 0x00002600
                0x02000000                _text_start = .
 *(.text*)
 .text          0x02000000        0x0 ./Debug/ax32xx_reset.S.o
 .text          0x02000000        0x0 ./Debug/ax32xx_spi_boot_cfg.S.o
 .text          0x02000000        0x0 ./Debug/ax32xx_BLDRX32.S.o
 .text          0x02000000      0x8b8 ./Debug/main.c.o
                0x02000000                delay_100ns
                0x0200002c                Delay_5ms
                0x0200004c                wr_onepixel
                0x0200011c                wr_trst
                0x02000158                led5050ICTimeout
                0x020002bc                Control_5050Led_OnOff
                0x02000304                registerTask
                0x020003c0                init
                0x02000850                systemService
                0x02000884                sendDrawUIMsg
 .text.startup  0x020008b8       0xd4 ./Debug/main.c.o
                0x020008b8                main
 .text          0x0200098c     0x1eac ./Debug/resource_manager.c.o
                0x02000ac8                managerInit
                0x02000b40                managerCreate
                0x02000c18                managerDestory
                0x02000c90                managerFileCount
                0x02000d28                managerFileCountEx
                0x02000d94                managerLockFile
                0x02000e0c                managerLockFileExt
                0x02000eb4                managerUnlockFileExt
                0x02000f60                managerCheckLock
                0x02000f9c                managerCheckLockExt
                0x02001024                managerFlush
                0x02001090                managerDelFileByIndex
                0x020011a0                managerDelFileAll
                0x02001284                managerScanStart
                0x020012ec                managerScanEnd
                0x020013ac                explorerListHook
                0x020013c4                managerNameChange
                0x020015c4                managerSpaceCheck
                0x020019a0                manangerCheckFileType
                0x02001c00                managerAddFile
                0x02001ca4                managerAddFileEx
                0x02001d04                managerRenameExt
                0x02001da4                managerRename
                0x02001e64                managerUnlockFile
                0x02001f24                managerDelFileByName
                0x02002080                managerDelFileByFullName
                0x02002200                managerFileNameCreater
                0x02002414                managerFileScan
                0x020025b8                manangerGetFileFullPathName
                0x0200266c                manangerGetFileName
                0x02002704                manangerFindFileAndDel
                0x020027e0                getExtName
 .text          0x02002838      0x4fc ./Debug/upgrade.c.o
                0x02002838                upgrade_led_control
                0x020028b0                upgrade_uiProgress
                0x020028f0                upgrade
 .text          0x02002d34      0x310 ./Debug/board.c.o
                0x02002d34                boardInit
                0x02002e5c                boardOpen
                0x02002f00                boardIoctrl
                0x02002f88                boardNameIoctrl
 .text          0x02003044      0xc04 ./Debug/board_bwv1.c.o
                0x02003738                board_bat_ofs
                0x02003750                board_bat_lowest
                0x02003768                getCurBatteryADC
                0x02003788                getKeyADCvalue
                0x020037a8                getKeyVal
                0x0200387c                getKey
                0x02003ac8                keyScanKey
 .text          0x02003c48      0x334 ./Debug/config.c.o
                0x02003c48                configCheckSumCal
                0x02003c8c                userConfigSave
                0x02003d00                userConfigReset
                0x02003e4c                userConfigInitial
                0x02003f00                configSet
                0x02003f3c                configGet
 .text          0x02003f7c      0xe18 ./Debug/display.c.o
                0x02003f7c                dispLayerPIPOnlyFront
                0x02003fec                dispLayerPIPOnlyBack
                0x02004068                dispLayerPIPBakRightTop
                0x02004108                dispLayerPIPFrtRightTop
                0x0200418c                dispLayerPIPFBHalf
                0x02004210                dispLayerPIPBFHalf
                0x02004294                dispLayerUninit
                0x020042f0                dispLayerGetResolution
                0x020043c4                dispLayerSetResolution
                0x020044b0                dispLayerSetRotate
                0x020044e4                dispRatioResolutionCalculate
                0x020045bc                dispLayerSetRatio
                0x0200466c                dispLayerInit
                0x02004898                dispLayerShow
                0x020048dc                dispLayerGetFrame
                0x02004924                dispLayerGetFreeFrame
                0x02004964                dispLayerFreeFrame
                0x020049dc                dispLayerSetFrame
                0x02004a28                dispLayerSetPIPMode
                0x02004a8c                dispLayer_ABwin
                0x02004abc                dispLayer_getABwin
                0x02004adc                dispLayerSetFrontCrop
 .text          0x02004d94        0x0 ./Debug/explorer.c.o
 .text          0x02004d94      0xc9c ./Debug/filelist.c.o
 .text          0x02005a30      0x8ec ./Debug/font.c.o
                0x02005c40                fontInit
                0x02005d08                fontSetLanguage
                0x02005db8                fontGetStringInfo
                0x02005e68                fontDrawString
                0x02006058                resGetString
                0x02006170                resGetChar
 .text          0x0200631c      0x270 ./Debug/icon.c.o
                0x0200631c                iconInit
                0x02006368                iconGetSize
                0x0200640c                iconGetData
                0x020064a8                iconGetAddr
                0x0200651c                iconGetPalette
 .text          0x0200658c      0x778 ./Debug/configGetValue.c.o
                0x0200658c                configValue2Int
 .text          0x02006d04      0x214 ./Debug/configSystem.c.o
                0x02006d04                configLanguage
                0x02006d94                configSys
                0x02006edc                configSystem
 .text          0x02006f18      0x888 ./Debug/logo.c.o
                0x02006fd0                logo_image_show
                0x020070c8                jpg_decode_show
                0x020071b0                system_audio_play
                0x020073e0                deamon_sound_play
                0x02007494                logo_music_show
                0x020074c4                layout_logo_show
                0x020075bc                layout_version_get
                0x02007640                layout_keysound_load
                0x02007718                layout_sound_load
 .text          0x020077a0       0xb0 ./Debug/menuMovieRec.c.o
                0x020077a0                menuProcDateTime
                0x020077cc                menuProcFormat
                0x020077f8                menuProcDefault
                0x02007824                menuProcVersion
 .text          0x02007850      0x350 ./Debug/msgDeal.c.o
                0x02007850                msgFuncRegister
                0x02007908                unshieldedMsgFuncRegister
                0x02007984                msgDeal
                0x02007aac                msgDealByType
                0x02007b44                msgDealByMsgInfor
 .text          0x02007ba0       0x30 ./Debug/msgSysRecommend.c.o
 .text          0x02007bd0      0x644 ./Debug/msgSysUnshielded.c.o
 .text          0x02008214      0x30c ./Debug/taskManage.c.o
                0x02008214                taskInit
                0x02008288                taskInfor
                0x0200829c                taskRegister
                0x020082d4                taskPrevious
                0x020082f4                taskCurrent
                0x02008314                taskNext
                0x02008334                taskStart
                0x020083b4                taskService
 .text          0x02008520      0xb9c ./Debug/taskPhotoEncode.c.o
                0x02008520                taskPhotoEncodeOpen
                0x020085f4                taskPhotoEncodeClose
                0x020086c4                taskPhotoEncodeService
                0x02008774                photo_animation_effect
                0x02008a8c                task_image_createfile
                0x02008b7c                image_take_photo
                0x02008d48                image_take_photo_to_sdram
 .text          0x020090bc     0x2190 ./Debug/taskPhotoEncodeMsg.c.o
                0x0200b1d4                photoFocusIconCancel
 .text          0x0200b24c      0x5d4 ./Debug/taskPlayBack.c.o
                0x0200b24c                taskPlayBackClose
                0x0200b288                video_playback_jpg_scale
                0x0200b400                video_playback_start
                0x0200b6ec                taskPlayBackOpen
                0x0200b764                taskPlayBackService
 .text          0x0200b820     0x1830 ./Debug/taskPlayBackMsg.c.o
                0x0200cf44                playbackPlayTimeCancel
                0x0200cf80                backBrushBlack
 .text          0x0200d050      0x238 ./Debug/taskPowerOff.c.o
                0x0200d050                uninit
                0x0200d1e4                taskPowerOffOpen
 .text          0x0200d288      0xed8 ./Debug/taskSysScanDevice.c.o
                0x0200d288                timerMsgSend
                0x0200d32c                setKeyEn
                0x0200d34c                deamon_astern_check
                0x0200d360                reflush_usensor_check
                0x0200d3b8                setSoftwareDetachUsensor
                0x0200d3d8                deamon_usb_check
                0x0200d83c                deamon_gsensor_check
                0x0200d850                deamon_screen_save
                0x0200d9a0                deamon_key_check
                0x0200dab4                deamon_auto_poweroff
                0x0200dbec                deamon_keysound_play
                0x0200dc30                deamon_fsFreeSize
                0x0200dca0                deamon_fs_scan
                0x0200de58                deamon_sdc_check
                0x0200e04c                taskSysScanDev
                0x0200e0cc                deamon_fsSizeModify
 .text          0x0200e160      0x3e0 ./Debug/taskUsbDevice.c.o
 .text          0x0200e540      0xc74 ./Debug/taskVideoRecord.c.o
                0x0200e540                taskVideoRecordeService
                0x0200e610                task_video_Get_Status
                0x0200e630                video_record_start
                0x0200e6c8                task_record_stop
                0x0200e74c                taskVideoRecordeClose
                0x0200e854                task_video_record_caltime
                0x0200e8d0                video_record_callback
                0x0200ef5c                taskVideoRecordeOpen
                0x0200f0f0                taskVideoRecTimeIncreace
                0x0200f104                videoCapturePhoto
 .text          0x0200f1b4      0xff4 ./Debug/taskVideoRecordMsg.c.o
                0x0200fed4                isLongTestMode
                0x0200fefc                recordTimeCount1S
 .text          0x020101a8       0xcc ./Debug/toolFunc.c.o
                0x020101a8                intToString
 .text          0x02010274        0x0 ./Debug/uiAsternMsg.c.o
 .text          0x02010274      0x714 ./Debug/uiMenuDateTimeMsg.c.o
 .text          0x02010988      0x428 ./Debug/uiMenuDefaultMsg.c.o
 .text          0x02010db0      0x710 ./Debug/uiMenuDelCurMsg.c.o
                0x0201104c                audioplayer_file_list_scan2
 .text          0x020114c0      0x56c ./Debug/uiMenuFormatMsg.c.o
 .text          0x02011a2c      0x780 ./Debug/uiMenuItemMsg.c.o
                0x0201218c                menuIsOpen
 .text          0x020121ac      0x3dc ./Debug/uiMenuOptionMsg.c.o
 .text          0x02012588      0x23c ./Debug/uiNoFileMsg.c.o
 .text          0x020127c4      0x358 ./Debug/uiTips1Msg.c.o
 .text          0x02012b1c      0x30c ./Debug/uiTipsMsg.c.o
 .text          0x02012e28      0x3bc ./Debug/uiWin.c.o
                0x02012e28                dialogCB
                0x02012fac                uiParentDealMsg
                0x02012fdc                uiOpenWindow
                0x020130c4                uiOpenWinAndShow
                0x020131b4                windowIsOpen
 .text          0x020131e4       0xe0 ./Debug/uiMenuVersionMsg.c.o
 .text          0x020132c4       0x64 ./Debug/taskMainMenu.c.o
                0x020132c4                taskMainMenuService
                0x020132d8                taskMainMenuClose
                0x020132ec                taskMainMenuOpen
 .text          0x02013328      0xb6c ./Debug/taskMainMenuMsg.c.o
 .text          0x02013e94       0x64 ./Debug/taskGameMenu.c.o
                0x02013e94                taskGameMenuService
                0x02013ea8                taskGameMenuClose
                0x02013ebc                taskGameMenuOpen
 .text          0x02013ef8      0xca8 ./Debug/taskGameMenuMsg.c.o
 .text          0x02014ba0      0x254 ./Debug/taskAudioPlayer.c.o
                0x02014ba0                taskAudioPlayerService
                0x02014bec                uni2oem936_init
                0x02014c68                uni2oem936_uninit
                0x02014cac                oem2uni936_init
                0x02014d28                taskAudioPlayerOpen
                0x02014d84                oem2uni936_uninit
                0x02014dc8                taskAudioPlayerClose
 .text          0x02014df4     0x14a8 ./Debug/taskAudioPlayerMsg.c.o
 .text          0x0201629c     0x2438 ./Debug/game_block.c.o
                0x0201629c                game_cnt_down
                0x020162cc                game_cnt_reinit
                0x020162ec                game_cnt_over
                0x0201631c                game_cnt_clear
                0x02016348                effect_rand_get
                0x020163d0                power_up_rand_list_init
                0x02016470                block_cnt_init
                0x020164d4                rand_get
                0x02016564                level_back_index_get
                0x02016588                block_map_init
                0x020165e8                move_icon_universal_draw
                0x02016658                game_frame_buff_show_get
                0x02016678                block_icon_draw
                0x0201670c                block_src_init_and_draw
                0x020167cc                block_map_draw
                0x02016874                game_boundary_init
                0x020168b8                game_block_level_init
                0x020168f4                life_icon_draw
                0x02016a00                right_score_draw
                0x02016b34                ball_icon_draw
                0x02016bcc                board_icon_draw
                0x02016c14                power_up_item_icon_draw
                0x02016cd4                DrawMap_block
                0x02016d1c                power_up_item_init
                0x02016e14                power_up_item_destroy
                0x02016e80                ball_init
                0x02016f64                ball_item_destroy
                0x02016fd0                copy_ball_action
                0x0201704c                ball_and_board_init
                0x020170ec                board_and_ball_flash_init
                0x02017124                move_rule
                0x02017218                game_boundary_hit_check
                0x020172c4                universal_hit_action
                0x020172f8                universal_hit_check
                0x020175f8                board_hit_check
                0x020176d8                block_hit_check
                0x02017854                clear_block_effect
                0x020179b8                board_move
                0x02017a70                ball_move
                0x02017b34                ball_fire_power_up
                0x02017b9c                ball_multi_power_up
                0x02017c28                power_up_item_move
                0x02017d1c                power_up_move
                0x02017d9c                move
                0x02017e58                pass_check
                0x02017eb4                game_block_init
                0x02017f08                block_free_buf
                0x02017f64                game_block_exit
                0x02017fb8                flash_reinit
                0x02018074                flash_init
                0x020180bc                block_breaker_going_key_response
                0x02018174                game_block_start
                0x02018238                block_breaker_going
                0x02018370                block_breaker_level_pass
                0x020183d4                block_breaker_game_over_show
                0x02018448                block_breaker_game_pause
                0x0201857c                game_block_key_active
                0x020185ec                game_block_entry
 .text          0x020186d4      0xe0c ./Debug/game_snake.c.o
                0x020186d4                snake_get_buf
                0x02018748                snake_put_buf
                0x020187a0                snake_init
                0x0201884c                rand_next
                0x02018900                createFood
                0x020189e4                creatMap
                0x02018a38                biteSelf
                0x02018a90                chet_endGamestatus
                0x02018b20                detore_snake
                0x02018b74                snakeOSDDisplayBufGet
                0x02018bc0                snake_I80
                0x02018cb8                snakeOSDDisplay
                0x02018d18                snake_frame_icon_draw
                0x02018e24                get_malloc
                0x02018e4c                show_icon_rect
                0x02018f54                show_all
                0x0201908c                snakeMove
                0x020192a0                key_read
                0x02019340                snake_main_init
                0x020193e8                game_snake_entry
 .text          0x020194e0      0x728 ./Debug/game_sokoban.c.o
                0x020194e0                Move
                0x0201963c                resultCheck
                0x020196d4                map_init
                0x02019718                get_map_size
                0x02019730                man_init
                0x020197a0                DataRead_CMode
                0x02019814                TXZ_show_icon_rect
                0x02019928                TXZ_show_one_rect
                0x02019954                DrawMap
                0x020199cc                TXZ_show_all
                0x02019a04                get_game_map
                0x02019acc                sokoban_init
                0x02019b28                game_sokoban_entry
 .text          0x02019c08      0xfe4 ./Debug/game_tetris.c.o
                0x02019c08                insertTetris
                0x02019cb0                checkCollision_L
                0x02019ce8                checkCollision_R
                0x02019d1c                checkCollision
                0x02019dbc                show_one_diamonds
                0x02019e44                printScore
                0x0201a014                printNextTetris
                0x0201a0a8                giveTetris
                0x0201a188                removeTetris
                0x0201a240                printCurrentTetris
                0x0201a360                setPoolColor
                0x0201a414                rotateTetris
                0x0201a4b8                checkErasing
                0x0201a648                printTetrisPool
                0x0201a718                moveDownTetris
                0x0201a7c8                horzMoveTetris
                0x0201a86c                keydownControl
                0x0201a934                endgame
                0x0201a950                restartGame
                0x0201a9f0                game_tetris_init
                0x0201aa84                game_tetris_exit
                0x0201aac8                game_tetris_entry
 .text          0x0201abec     0x19f8 ./Debug/taskGame.c.o
                0x0201abec                taskGameClose
                0x0201ad30                gameInit
                0x0201adc0                gameGetKeyADCValue
                0x0201ae48                game_key_judge
                0x0201aec8                fps_count_reset
                0x0201aef4                rand_int
                0x0201af60                get_game_base_buf
                0x0201af80                get_game_show_buf
                0x0201b05c                get_bin_data
                0x0201b0e0                frame_icon_draw
                0x0201b274                game_OSD_str_draw
                0x0201b8e4                game_tips
                0x0201bdc8                game_over
                0x0201bec0                gameExit
                0x0201bf34                taskGameService
                0x0201bfac                game_bk_draw
                0x0201c058                frame_buff_display
                0x0201c0d0                free_buf
                0x0201c0f8                game_audio_init
                0x0201c27c                taskGameOpen
                0x0201c2b8                game_audio_play
                0x0201c45c                game_key_event
                0x0201c528                gameTickGenerator
 .text          0x0201c5e4      0x5ac ./Debug/game_maze.c.o
                0x0201c5e4                Move_maze
                0x0201c7a4                resultCheck_maze
                0x0201c800                maze_map_set
                0x0201c840                get_map_maze_size
                0x0201c858                man_maze_init
                0x0201c888                maze_show_one_rect
                0x0201c94c                maze_DrawMap
                0x0201c9c4                maze_show_all
                0x0201c9fc                maze_map_init
                0x0201ca44                maze_keypress
                0x0201ca98                maze_init
                0x0201cae0                game_maze_entry
 .text          0x0201cb90       0x70 ./Debug/taskSettingMenu.c.o
                0x0201cb90                taskSettingMenuService
                0x0201cba4                taskSettingMenuClose
                0x0201cbb8                taskSettingMenuOpen
 .text          0x0201cc00        0x0 ./Debug/xos_x_cpu.c.o
 .text          0x0201cc00      0x1b0 ./Debug/xos_xmbox.c.o
                0x0201cc00                XMboxInit
                0x0201cc40                XMboxCreate
                0x0201ccc8                XMboxDestory
                0x0201cd00                XMboxPost
                0x0201cd54                XMboxPend
 .text          0x0201cdb0      0x2e4 ./Debug/xos_xmsgq.c.o
                0x0201cdb0                XMsgQInit
                0x0201cdf0                XMsgQCreate
                0x0201ce80                XMsgQDestory
                0x0201ceb8                XMsgQFlush
                0x0201cef8                XMsgQPost
                0x0201cf70                XMsgQPostFront
                0x0201cfec                XMsgQPend
                0x0201d07c                XMsgQCheck
 .text          0x0201d094      0x12c ./Debug/xos_xos.c.o
                0x0201d094                XOSInit
                0x0201d0d4                XOSTickService
                0x0201d144                XOSTimeGet
                0x0201d164                XOSTimeDly
                0x0201d1a0                XOSRandom
 .text          0x0201d1c0      0x168 ./Debug/xos_xwork.c.o
                0x0201d1c0                XWorkInit
                0x0201d200                XWorkCreate
                0x0201d28c                XWorkDestory
                0x0201d2bc                XWorkService
 .text          0x0201d328      0xd88 ./Debug/multimedia_user_media.c.o
                0x0201d328                jpg_decode_buf
                0x0201d3cc                jpg_buf_decode_buf
                0x0201d470                yuv_rgb_table
                0x0201d484                bmp24_to_yuv420_buf
                0x0201d890                yuv420_draw_buf
                0x0201da78                yuv420_pencil_sketch
                0x0201da8c                yuv420_software_set_handle_frame
                0x0201daac                yuv420_software_get_handle_frame
                0x0201dacc                yuv420_effect_handle
                0x0201dd04                FloydSteinbergDithering
 .text          0x0201e0b0     0x192c ./Debug/multimedia_user_effect.c.o
                0x0201e0b0                warpHandle
                0x0201e25c                trilateral_16_window
                0x0201e5a0                stream_10_window
                0x0201e9d4                rismatic_multiwindow
                0x0201f0b0                hexagon_multiwindow
 .text          0x0201f9dc      0x168 ./Debug/sUI_dialog.c.o
                0x0201f9dc                dialogCreate
                0x0201fa8c                dialogItem
 .text          0x0201fb44      0x22c ./Debug/sUI_frameWin.c.o
                0x0201fc9c                frameWinCreate
                0x0201fd00                frameWinCreateIndirect
 .text          0x0201fd70      0x2b0 ./Debug/sUI_imageIcon.c.o
                0x0201fef8                imageIconCreate
                0x0201ffa4                imageIconCreateIndirect
 .text          0x02020020     0x191c ./Debug/sUI_itemManage.c.o
                0x02020020                itemManageCreate
                0x020200a4                itemManageCreateIndirect
                0x02020118                itemManageSetItemHeight
                0x0202029c                itemManageSetItemRowSumGap
                0x020203a4                itemManageSetHeightAvgGap
                0x02020518                itemManageSetRowSum
                0x0202064c                itemManageSetColumnSum
                0x0202079c                itemManageSetColumnSumWithGap
                0x02020918                itemManageSetColumnMargin
                0x02020a48                itemManageCreateItem
                0x02020be4                itemManageSetResInforFuncEx
                0x02020c3c                itemManageSetCurItem
                0x02020f38                itemManageUpdateRes
                0x02020ff0                itemManageUpdateAllitem
                0x02021054                itemManageUpdateCurItem
                0x020211f8                itemManageNextItem
                0x02021268                itemManagePreItem
                0x020212d8                itemManageNextPage
                0x0202135c                itemManagePrePage
                0x020213e4                itemManageGetCurrentItem
                0x02021448                itemManageSetCharInfor
                0x02021500                itemManageSetSelectColor
                0x0202159c                itemManageSetSelectImage
                0x0202163c                itemManageSetUnselectColor
                0x020216d8                itemManageSetUnselectImage
                0x02021778                itemManageGetTouchInfor
 .text          0x0202193c      0x3d0 ./Debug/sUI_menuItem.c.o
                0x02021b6c                menuItemCreate
                0x02021c14                itemCreateMenuItem
 .text          0x02021d0c      0x360 ./Debug/sUI_menuOption.c.o
                0x02021f00                menuOptionCreate
                0x02021fa4                itemCreatemenuOption
 .text          0x0202206c      0x274 ./Debug/sUI_progressBar.c.o
                0x020221e4                progressBarCreate
                0x02022268                progressBarCreateIndirect
 .text          0x020222e0      0x234 ./Debug/sUI_rect.c.o
                0x0202241c                rectCreate
                0x020224a0                rectCreateIndirect
 .text          0x02022514      0x3b4 ./Debug/sUI_stringIcon.c.o
                0x02022758                stringIconCreate
                0x02022814                stringIconCreateIndirect
 .text          0x020228c8      0x26c ./Debug/sUI_uiAlloc.c.o
                0x020228c8                uiHeapInit
                0x02022900                uiAlloc
                0x020229f8                uiFree
                0x02022af8                uiHeapInfor
                0x02022b20                heapAllocTest
 .text          0x02022b34      0x11c ./Debug/sUI_widget.c.o
                0x02022b34                widgetProc
                0x02022b80                widgetSetType
                0x02022bb0                widgetGetType
                0x02022be4                widgetGetId
                0x02022c1c                widgetSetId
 .text          0x02022c50     0x1b48 ./Debug/sUI_winManage.c.o
                0x02022c50                winErrShow
                0x02022c9c                winSendMsg
                0x02022cdc                winSendMsgNoData
                0x02022d04                winSendMsgToParent
                0x02022d34                winSendMsgToParentNoData
                0x02022d5c                winOverlapping
                0x02022dc0                winContain
                0x02022e24                winHasInvalidRect
                0x02022eb8                winFreeInvalidRect
                0x020231b4                winCreate
                0x020235c0                winDestroy
                0x0202372c                winGetTouchInfor
                0x0202375c                winTouch
                0x0202397c                winSetbgColor
                0x020239b0                winSetfgColor
                0x020239e4                winSetVisible
                0x02023a68                winIsVisible
                0x02023aa4                winSetResid
                0x02023ad4                winSetItemSelResid
                0x02023b04                winSetStrInfor
                0x02023b54                resInforInit
                0x02023ba0                winSetSelectInfor
                0x02023bd0                winSetUnselectInfor
                0x02023c00                winChangeNotify
                0x02023c68                winDefaultProc
                0x02024044                winResize
                0x020241d4                winGetRelativePos
                0x02024264                winGetPos
                0x020242a8                winUpdate
                0x02024318                winSetPorgressRate
                0x02024348                winGetCurrent
                0x02024368                winPaint
                0x02024474                winSetName
                0x02024494                winIntersection
                0x02024548                winUpdateAllResId
                0x020245ac                winDestroyDeskTopChildWin
                0x02024620                winInit
                0x0202470c                winUninit
 .text          0x02024798      0x174 ./Debug/sUI_memPool.c.o
                0x02024798                mempCreate
                0x02024800                mempGet
                0x02024858                mempPut
                0x02024894                mempInfor
 .text          0x0202490c      0x434 ./Debug/sUI_widgetManage.c.o
                0x02024b58                widgetManageCreate
                0x02024bdc                widgetManageCreateIndirect
                0x02024c4c                widgetManageUpdateAll
                0x02024c70                widgetManageUpdateCur
                0x02024c94                widgetManageNext
                0x02024cb8                widgetManagePre
                0x02024cdc                widgetManageSelect
                0x02024d10                widgetManageCurId
 .text          0x02024d40      0x3bc ./Debug/src_ax32xx_int.c.o
                0x02024d40                ax32xx_intHandler
                0x02024d54                fast_isr
                0x02024e34                slow_isr
                0x02024f28                ax32xx_intEnable
                0x02024f70                ax32xx_int_priority
                0x02024fb8                ax32xx_intInit
 .text          0x020250fc      0xa60 ./Debug/src_ax32xx_sys.c.o
                0x020250fc                ax32xx_sysCpuMsDelay
                0x02025138                ax32xx_sysCpuNopDelay
                0x02025160                ax32xx_sysDcacheInit
                0x020251a4                ax32xx_sysIcacheInit
                0x020251e8                ax32xx_sysDcacheWback
                0x02025264                ax32xx_sysDcacheFlush
                0x020252e0                ax32xx_sysDcacheInvalid
                0x0202535c                ax32xx_sysSRAMClear
                0x020253b0                ax32xx_sysBSSClear
                0x02025414                ax32xx_sysLDOSet
                0x020255f0                ax32xx_sysClkSet
                0x0202564c                ax32xx_sysReset
                0x0202568c                ax32xx_sys_dma_memdown
                0x020256f0                ax32xx_sys_dma_memkick
                0x020257b4                ax32xx_mcpy_gram2ufifo
                0x02025814                ax32xx_mcpy1_sdram2gram
                0x020258b8                ax32xx_mcpy1_sdram2gram_2
                0x02025918                ax32xx_sysInit
                0x02025a9c                ax32xx_sysUninit
 .text          0x02025b5c      0x298 ./Debug/src_ax32xx_dma.c.o
                0x02025b5c                ax32xx_dmaNocCfg
                0x02025d84                ax32xx_dmaNocDefault
                0x02025dac                ax32xx_dmaChannelEnable
 .text          0x02025df4       0x80 ./Debug/src_ax32xx_wdt.c.o
                0x02025df4                ax32xx_wdtEnable
                0x02025e10                ax32xx_wdtTimeSet
                0x02025e24                ax32xx_wdtClear
                0x02025e58                ax32xx_wdtReset
 .text          0x02025e74      0xb08 ./Debug/src_ax32xx_gpio.c.o
                0x02025e74                ax32xx_gpioSFRSet
                0x020260b8                ax32xx_gpioDirSet
                0x0202615c                ax32xx_gpioPullSet
                0x02026228                ax32xx_gpioDrvSet
                0x020262b8                ax32xx_gpioDataSet
                0x02026344                ax32xx_gpioDataGrounpSet
                0x020263c0                ax32xx_gpioDataGet
                0x02026444                ax32xx_gpioMapSet
                0x020264d4                ax32xx_gpioDigitalSet
                0x02026564                ax32xx_gpioHystersisSet
                0x020265f4                ax32xx_gpioLedPull
                0x020266c0                ax32xx_gpioLedInit
                0x02026750                ax32xx_gpioINTCheck
                0x02026788                ax32xx_gpioINTClear
                0x020267b0                ax32xx_gpioINTInit
                0x020268e0                ax32xx_gpioIRQHandler
 .text          0x0202697c      0x200 ./Debug/src_ax32xx_uart.c.o
                0x0202697c                ax32xx_uart0IRQHandler
                0x020269cc                ax32xx_uart0IOCfg
                0x02026aac                ax32xx_uart0Init
                0x02026b3c                ax32xx_uart0SendByte
 .text          0x02026b7c      0x980 ./Debug/src_ax32xx_timer.c.o
                0x02026b7c                ax32xx_timer0IRQHandler
                0x02026bc0                ax32xx_timer1IRQHandler
                0x02026c04                ax32xx_timer2IRQHandler
                0x02026c48                ax32xx_timer3IRQHandler
                0x02026c8c                ax32xx_timerISRRegister
                0x02026cd0                ax32xx_timerStart
                0x02026dcc                ax32xx_timerStop
                0x02026e9c                ax32xx_timerEnable
                0x02026f28                ax32xx_timerDisable
                0x02026fcc                ax32xx_timerTickStart
                0x02027000                ax32xx_timerTickStop
                0x02027020                ax32xx_timerTickCount
                0x0202703c                ax32xx_timerPWMStart
                0x02027478                ax32xx_timerPWMStop
 .text          0x020274fc      0x468 ./Debug/src_ax32xx_tminf.c.o
                0x020274fc                ax32xx_mjpegATimeinfoEnable
                0x02027568                ax32xx_mjpegBTimeinfoEnable
                0x020275d4                ax32xx_mjpegATimeinfoColor
                0x02027620                ax32xx_mjpegBTimeinfoColor
                0x0202767c                ax32xx_mjpegATimeinfoSize
                0x020276d8                ax32xx_mjpegBTimeinfoSize
                0x02027760                ax32xx_mjpegATimeinfoPos
                0x020277bc                ax32xx_mjpegBTimeinfoPos
                0x02027844                ax32xx_mjpegATimeinfoAddr
                0x02027888                ax32xx_mjpegBTimeinfoAddr
                0x020278f8                ax32xx_recfg_mjpb_tminf
 .text          0x02027964      0x7f4 ./Debug/src_ax32xx_spi.c.o
                0x02027964                ax32xx_spi0Init
                0x02027b84                ax32xx_spi0SendByte
                0x02027bd8                ax32xx_spi0RecvByte
                0x02027c2c                ax32xx_spi0Send0
                0x02027ce4                ax32xx_spi0Recv0
                0x02027d9c                ax32xx_spi0CS0Config
                0x02027de0                spi1_pin_config
                0x02027eb0                hal_spi1Init
                0x02027f28                spi1_send_byte
                0x02027f98                spi1_receive_byte
                0x02027fe0                spi1_recevie_dma
                0x02028078                spi1_send_dma
                0x02028114                spi1_enable
 .text          0x02028158      0xc9c ./Debug/src_ax32xx_rtc.c.o
                0x02028158                ax32xx_rtcWriteByte
                0x020281a8                ax32xx_rtcReadByte
                0x0202820c                ax32xx_rtcRamRead
                0x020282a8                ax32xx_rtcRamWrite
                0x02028344                ax32xx_rtcDataRead
                0x020283cc                ax32xx_rtcDataWrite
                0x02028454                ax32xx_rtcInit
                0x0202862c                ax32xx_rtcIRQHandler
                0x020286e4                ax32xx_rtcSencodEnable
                0x02028760                ax32xx_rtcAlamEnable
                0x02028848                ax32xx_rtcAlamSet
                0x02028890                ax32xx_rtcGet
                0x020288e4                ax32xx_rtcSet
                0x0202892c                ax32xx_WKOEnable
                0x02028988                ax32xx_VDDGSENEnable
                0x020289f8                ax32xx_WKI0InputEnable
                0x02028a68                ax32xx_WKI1InputEnable
                0x02028ad8                ax32xx_WKI1Read
                0x02028afc                ax32xx_WKI0Read
                0x02028b20                ax32xx_WKI1WakeupEnable
                0x02028c88                ax32xx_WKI1WakeupTriger
                0x02028cd8                ax32xx_WKI1CleanPending
                0x02028d14                ax32xx_rtcBatDecEnable
                0x02028d84                ax32xx_rtcSenHVEnable
 .text          0x02028df4      0x838 ./Debug/src_ax32xx_iic.c.o
                0x02028eac                software_iic_sdaout
                0x02028ee0                software_iic_sdain
                0x02028f14                software_iic_sda_set
                0x02028f40                software_iic_scl_set
                0x02028f6c                software_iic_sda_get
                0x02028f94                software_iic_init
                0x02028fc4                software_iic_start
                0x0202903c                software_iic_stop
                0x020290b4                software_iic_wait_ack
                0x0202916c                ax32xx_iic0Init
                0x0202922c                ax32xx_iic0Uninit
                0x020292c0                ax32xx_iic0Start
                0x020292dc                ax32xx_iic0Stop
                0x0202931c                ax32xx_iic0RecvACK
                0x02029344                ax32xx_iic0SendACK
                0x02029368                ax32xx_iic0SendByte
                0x020293b8                ax32xx_iic0RecvByte
                0x0202940c                ax32xx_iic1Init
                0x02029434                ax32xx_iic1Uninit
                0x02029478                ax32xx_iic1Start
                0x02029494                ax32xx_iic1Stop
                0x020294f4                ax32xx_iic1RecvACK
                0x0202951c                ax32xx_iic1SendACK
                0x02029540                ax32xx_iic1SendByte
                0x020295b0                ax32xx_iic1RecvByte
 .text          0x0202962c      0x66c ./Debug/src_ax32xx_dac.c.o
                0x0202966c                ax32xx_dacIRQHandler
                0x02029740                ax32xx_dacSampleRateSet
                0x020297b0                ax32xx_dacEnable
                0x02029834                ax32xx_dacVolumeSet
                0x020298ac                ax32xx_dacBufferSet
                0x020298cc                ax32xx_dacBufferFlush
                0x020298ec                ax32xx_dacReset
                0x02029910                ax32xx_dacStart
                0x0202998c                ax32xx_dacStop
                0x020299bc                ax32xx_dacISRRegister
                0x020299dc                ax32xx_dacHPSet
                0x02029a70                eq_coeff_init
                0x02029ae0                eq_gain_init
                0x02029b50                ax32xx_dacInit
 .text          0x02029c98      0x114 ./Debug/src_ax32xx_adc.c.o
                0x02029c98                ax32xx_adcEnable
                0x02029d00                ax32xx_adcSetBaudrate
                0x02029d30                ax32xx_adcConverStart
                0x02029d54                ax32xx_adcRead
 .text          0x02029dac      0x540 ./Debug/src_ax32xx_auadc.c.o
                0x02029dac                ax32xx_auadcIRQHandler
                0x02029e3c                ax32xx_auadcHalfIRQRegister
                0x02029e5c                ax32xx_auadcEndIRQRegister
                0x02029e7c                ax32xx_auadcEnable
                0x02029f74                ax32xx_auadcAGCEnable
                0x0202a004                ax32xx_auadcGainSet
                0x0202a080                ax32xx_auadcBufferSet
                0x0202a0e0                ax32xx_auadcInit
                0x0202a184                ax32xx_auadcSetSampleSet
                0x0202a2ac                agc_gain_mnt
 .text          0x0202a2ec       0x3c ./Debug/src_ax32xx_isp.c.o
                0x0202a2ec                ax32xx_ispModeSet
 .text          0x0202a328      0x298 ./Debug/src_jpeg_table.c.o
                0x0202a328                jpegA_table_init
                0x0202a4a4                ax32xx_mjpB_tab_init
 .text          0x0202a5c0      0xe08 ./Debug/src_ax32xx_usb.c.o
                0x0202a5c0                _usb_bulk_tx
                0x0202a6fc                _usb_bulk_rx
                0x0202a808                _usb_iso_kick
                0x0202a8f8                _iso_wait_txdown
                0x0202a990                usb_iso_tx
                0x0202aa90                usb_burst_reset
                0x0202aadc                usb_host_reset
                0x0202ab28                usb_phyreset_as_typeb
                0x0202ac84                usb_phyreset_as_typea
                0x0202addc                usb_insert
                0x0202adf0                usb_check_hal
                0x0202ae04                get_u32softcnt
                0x0202ae24                ax32xx_usbIRQHanlder
                0x0202af30                ax32xx_usbCallbackRegister
                0x0202af6c                ax32xx_usb_hostIRQHanlder
                0x0202af80                usb_device_check
                0x0202b06c                ax32xx_usbPhyPllEnable
                0x0202b114                usb11_registers_write
                0x0202b140                usb11_registers_read
                0x0202b178                usb_memcpy
                0x0202b1ec                usb_phyreset_as_typea11
                0x0202b200                usb11_host_reset
                0x0202b214                ax32xx_usb11_hostIRQHanlder
                0x0202b228                usb20_host_check
                0x0202b304                usb11HostCheckNoWait
                0x0202b31c                usb11_host_check
                0x0202b334                usb20_phyreset_as_filter
 .text          0x0202b3c8      0x244 ./Debug/src_ax32xx_misc.c.o
                0x0202b3c8                str_seek
                0x0202b434                dec_num2str
                0x0202b474                char_2_hex
                0x0202b4c8                data_check
                0x0202b518                pointer_check
                0x0202b560                half_word_memcpy
                0x0202b598                word_memcpy
                0x0202b5d0                word_reg_memcpy
 .text          0x0202b60c      0x14c ./Debug/src_ax32xx_pip.c.o
                0x0202b60c                ax32xx_pipConfig
                0x0202b688                ax32xx_pipEnable
                0x0202b6cc                ax32xx_pipCounterReset
                0x0202b70c                ax32xx_pipGetTopLayer
                0x0202b730                ax32xx_pipGetBotLayer
 .text          0x0202b758        0x0 ./Debug/src_ax32xx_btuart.c.o
 .text          0x0202b758        0x0 ./Debug/src_ax32xx_crc.c.o
 .text          0x0202b758      0x26c ./Debug/src_ax32xx_emi.c.o
                0x0202b758                ax32xx_emiInit
                0x0202b894                ax32xx_emiISRRegister
                0x0202b8c8                ax32xx_emiIRQHandler
                0x0202b924                ax32xx_emiKick
                0x0202b980                ax32xx_emiCheckBusy
                0x0202b9a0                ax32xx_emiCheckRXError
 .text          0x0202b9c4      0x28c ./Debug/src_ax32xx_rotate.c.o
                0x0202b9c4                ax32xx_rotateISRRegiser
                0x0202b9e4                ax32xx_rotateCheckBusy
                0x0202ba04                ax32xx_rotateReset
                0x0202ba50                ax32xx_rotateStart
                0x0202bb68                ax32xx_rotateWaitFrameDone
                0x0202bbd0                ax32xx_rotateIRQHandler
                0x0202bc20                ax32xx_rotateGetSrcYAddr
 .text          0x0202bc50      0x3a0 ./Debug/src_ax32xx_osdcmp.c.o
                0x0202bc50                ax32xx_osdcmpISRRegiser
                0x0202bc70                ax32xx_osdcmpCheckBusy
                0x0202bc94                ax32xx_osdcmpReset
                0x0202bce0                ax32xx_osdcmpGetCompSize
                0x0202bd00                ax32xx_osdcmpKick
                0x0202bdd4                ax32xx_osdcmpWaitFrameDone
                0x0202be9c                ax32xx_osdcmpCompOneFrame
                0x0202bfa4                ax32xx_osdcmpIRQHandler
 .text          0x0202bff0      0xd68 ./Debug/osd_ax32xx_osd.c.o
                0x0202bff0                ax32xx_deWait
                0x0202c04c                ax32xx_deUpdate
                0x0202c070                ax32xx_deGetUpdateStatus
                0x0202c094                ax32xx_deIRQHandler
                0x0202c0f4                ax32xx_deISRRegister
                0x0202c114                ax32xx_deInit
                0x0202c190                ax32xx_deSetBackground
                0x0202c1c4                ax32xx_deSetCSC
                0x0202c210                ax32xx_videoSetDither
                0x0202c2b0                ax32xx_videoSetScale
                0x0202c2fc                ax32xx_videoSetScaleLine
                0x0202c36c                ax32xx_videoSetScanMode
                0x0202c3b8                ax32xx_videoGetYAddr
                0x0202c3e8                ax32xx_videoGetUVAddr
                0x0202c418                ax32xx_videoSetAddr
                0x0202c434                ax32xx_videoSetStride
                0x0202c458                ax32xx_videoSetSize
                0x0202c490                ax32xx_videoSetPosition
                0x0202c4b8                ax32xx_videoCopyCfg
                0x0202c520                ax32xx_videoEnable
                0x0202c564                ax32xx_degamma_cfg
                0x0202c584                ax32xx_videoGammaRed
                0x0202c5c8                ax32xx_videoGammaGreen
                0x0202c60c                ax32xx_videoGammaBlue
                0x0202c650                ax32xx_deSetGAMA
                0x0202c6d4                ax32xx_deSet_DE_CCM
                0x0202c7bc                ax32xx_deSet_DE_SAJ
                0x0202c828                ax32xx_videoGammaEnable
                0x0202c86c                ax32xx_osdEnable
                0x0202c8d8                ax32xx_osdSetSize
                0x0202c92c                ax32xx_osdSetPosition
                0x0202c980                ax32xx_osdSetPalette
                0x0202c9c8                ax32xx_osdSetAddr
                0x0202ca84                ax32xx_osdGetAddr
                0x0202cad4                ax32xx_osdSetAlpha
                0x0202cb40                ax32xx_osdSetUpscaler
                0x0202cd08                ax32xx_osdEncodeOneCode
 .text          0x0202cd58     0x1010 ./Debug/csi_ax32xx_csi.c.o
                0x0202cd58                hal_csi_fcnt_get
                0x0202cd88                ax32xx_csiIRQHandler
                0x0202cf98                ax32xx_csiISRRegiser
                0x0202cfd4                ax32xx_csiMJPEGFrameSet
                0x0202d044                ax32xx_csiMjpegFrameSwitch
                0x0202d060                ax32xx_csihv_tomjpg_Switch
                0x0202d07c                ax32xx_csihv_tomjp_dma_cfg
                0x0202d108                ax32xx_csi_only_FrameSet
                0x0202d14c                ax32xx_csiYUVFrameSet
                0x0202d160                ax32xx_csiIOConfig
                0x0202d1b8                ax32xx_csiInit
                0x0202d1e4                ax32xx_csiMclkSet
                0x0202d2a8                ax32xx_csi_set_mclk_free
                0x0202d2f0                ax32xx_csiSyncSet
                0x0202d354                ax32xx_csiPrioritySet
                0x0202d398                ax32xx_csiTypeSet
                0x0202d404                ax32xx_csiModeSet
                0x0202d440                ax32xx_pclk_fir_Set
                0x0202d4a8                ax32xx_pclk_analog_Set
                0x0202d4f8                ax32xx_pclk_inv_Set
                0x0202d53c                ax32xx_csi_clk_tun_Set
                0x0202d584                ax32xx_csiSizeSet
                0x0202d5bc                ax32xx_csiInputAddrSet
                0x0202d5d4                ax32xx_csiTestModeSet
                0x0202d63c                ax32xx_csiDvpClkDivSet
                0x0202d684                ax32xx_csiLCDFrameSet
                0x0202d6b0                ax32xx_csiLCDDmaEnable
                0x0202d74c                ax32xx_csiLCDDmaKick
                0x0202d790                ax32xx_csiLCDScaler
                0x0202d964                ax32xx_csiScaler
                0x0202dae4                ax32xx_hvScaler
                0x0202dc60                ax32xx_csiScalerCheck
                0x0202dc88                ax32xx_csiOutputSet
                0x0202dcc4                ax32xx_csiEnable
 .text          0x0202dd68      0xd8c ./Debug/lcd_ax32xx_lcd.c.o
                0x0202dd68                ax32xx_lcdSPIMode
                0x0202dd94                ax32xx_lcdSPIInit
                0x0202de44                ax32xx_lcdSPIUninit
                0x0202de80                ax32xx_lcdSPISendData
                0x0202dff4                ax32xx_lcdMcuSendCmd
                0x0202e058                ax32xx_lcdMcuSendData
                0x0202e0ac                ax32xx_lcdMcuSendCmd16
                0x0202e130                ax32xx_lcdMcuSendData16
                0x0202e1b4                ax32xx_lcdInit
                0x0202e200                ax32xx_lcdIRQEnable
                0x0202e248                ax32xx_lcdPreLineSet
                0x0202e264                ax32xx_lcdSignalSet
                0x0202e2fc                ax32xx_lcdBusWidth
                0x0202e350                ax32xx_lcdBusEnable
                0x0202e3a0                ax32xx_lcdClkSet
                0x0202e3c0                ax32xx_lcdSyncSet
                0x0202e3e4                ax32xx_lcdDESignalSet
                0x0202e408                ax32xx_lcdPositionSet
                0x0202e424                ax32xx_lcdResolutionSet
                0x0202e440                ax32xx_lcdWindowSizeSet
                0x0202e45c                ax32xx_lcdDataModeSet
                0x0202e4a0                ax32xx_lcdClkNumberSet
                0x0202e4b8                ax32xx_lcdEndLineSet
                0x0202e4d4                ax32xx_lcdPanelMode
                0x0202e51c                ax32xx_lcdEnable
                0x0202e580                ax32xx_lcdTeMode
                0x0202e5c8                ax32xx_lcdKick
                0x0202e600                ax32xx_lcdIRQHandler
                0x0202e77c                ax32xx_lcdISRRegister
                0x0202e7c0                ax32xx_lcdReset
                0x0202e82c                ax32xx_lcdMCUIOConfig
                0x0202e920                ax32xx_lcdRGBIOConfig
                0x0202ea04                ax32xx_lcd_lsawbtooth
 .text          0x0202eaf4     0x20b0 ./Debug/mjpeg_ax32xx_mjpeg.c.o
                0x0202eaf4                ax32xx_mpegPrint
                0x0202ef70                ax32xx_mjpB_reset
                0x0202efdc                ax32xx_mjpegAIRQHandler
                0x0202f050                ax32xx_mjpeg_encode_check
                0x0202f20c                ax32xx_mjpB_employ
                0x0202f238                ax32xx_mjpB_dcdown_reg
                0x0202f258                ax32xx_mjB_as_dcode
                0x0202f284                ax32xx_mjpegEA_ncodeISRRegister
                0x0202f2a4                ax32xx_mjpegEB_ncodeISRRegister
                0x0202f2c4                ax32xx_mjpegEA_ncodeISR
                0x0202f2f0                ax32xx_mjpegDecodeISRRegister
                0x0202f310                ax32xx_mjpegEncodeBufferSet
                0x0202f35c                ax32xx_mjpegEncodeEnable
                0x0202f44c                ax32xx_mjpegEncode_wifi_Enable
                0x0202f53c                ax32xx_mjpegEncodeSizeSet
                0x0202f5e4                ax32xx_mjpegEncodeQuilitySet
                0x0202f62c                cal_jA_1s_size
                0x0202f65c                ax32xx_mjpegEncodeQadj
                0x0202f740                ax32xx_mjpegEncodeInfoSet
                0x0202f788                ax32xx_mjpegEncodeLoadAddrGet
                0x0202f7a4                ax32xx_mjpeg_inlinebuf_init
                0x0202f7c0                ax32xx_mjpegEncodeInit
                0x0202f9f8                ax32xx_mjpeg_manual_on
                0x0202fa40                ax32xx_mjpeg_manual_stop
                0x0202fa64                ax32xx_mjpegDecodeScalerCal
                0x0202fb34                ax32xx_mjpegDecodeSetSize
                0x0202fd58                ax32xx_mjpegDecodeOutputSet
                0x0202fd74                ax32xx_mjpegDecodeInputSet
                0x0202fdac                ax32xx_mjpegDecodeDriSet
                0x0202fdc4                ax32xx_mjpegDecodeCompressSet
                0x0202fddc                ax32xx_mjpegDecodeInitTable
                0x0202fe34                ax32xx_mjpegDecodeInit
                0x02030038                ax32xx_mjpegDecodeDCTimeSet
                0x020300d8                ax32xx_mjpegDecodeEnable
                0x02030154                ax32xx_mjpegDecodeKick
                0x020301ac                ax32xx_mjpegDecodeStop
                0x020301e8                ax32xx_mjpegBIRQHandler
                0x02030314                ax32xx_mjpegDecodeQDTCfg
                0x02030374                ax32xx_mjpegDecodeStatus
                0x020303a8                ax32xx_mjpegDecodeCheck
                0x020303d8                ax32xx_mjpegDecodeODma1Cfg
                0x0203046c                ax32xx_mjpB_Ctl_init
                0x02030720                ax32xx_mjpB_Linebuf_cfg
                0x0203073c                ax32xx_mjpB_dma_cfg
                0x02030768                ax32xx_mjpB_stop
                0x020307d0                ax32xx_mjpB_on
                0x0203081c                ax32xx_mjpB_stop_2
                0x02030870                ax32xx_mjpegB_encode_check
                0x02030a28                ax32xx_mjpB_on_2
                0x02030a60                jpeg1_decode_check
 .text          0x02030ba4        0x0 ./Debug/resource_user_icon.c.o
 .text          0x02030ba4        0x0 ./Debug/resource_user_str.c.o
 .text          0x02030ba4      0x110 ./Debug/src_hal_adc.c.o
                0x02030ba4                hal_adcInit
                0x02030be0                hal_adcRead
                0x02030c0c                hal_adcSetChannel
                0x02030c58                hal_adcGetChannel
                0x02030c94                hal_adcVDDRTCCalculate
 .text          0x02030cb4      0x144 ./Debug/src_hal_csi.c.o
                0x02030cb4                hal_csiMCLKSet
                0x02030cd4                hal_csiRegister
                0x02030d08                hal_csiResolutionGet
                0x02030d64                hal_csiAdptGet
                0x02030d84                hal_csi_SeninitGet
                0x02030da4                hal_csiHalf720P_ResolutionGet
 .text          0x02030df8      0x24c ./Debug/src_hal_dac.c.o
                0x02030e40                hal_dacInit
                0x02030e98                hal_dacPlayStart
                0x02030f44                hal_dacPlayStop
                0x02030f70                hal_dacSetVolume
                0x02030fd4                hal_dacSetBuffer
                0x02030ff8                hal_dacCallBackRegister
                0x0203101c                hal_dacHPSet
 .text          0x02031044        0x0 ./Debug/src_hal_eeprom.c.o
 .text          0x02031044      0x24c ./Debug/src_hal_gpio.c.o
                0x02031044                hal_gpioInit
                0x020310ec                hal_gpioInit_io1d1
                0x02031194                hal_gpioEPullSet
                0x020311f0                hal_gpioWrite
                0x02031218                hal_gpioRead
                0x0203123c                hal_gpioIntInit
                0x02031264                hal_gpioLedInit
 .text          0x02031290      0x64c ./Debug/src_hal_iic.c.o
                0x02031290                hal_iic0Init
                0x020312bc                hal_iic0Uninit
                0x020312dc                hal_iic08bitAddrWriteData
                0x02031378                hal_iic08bitAddrReadData
                0x02031430                hal_iic08bitAddrWrite
                0x020314f0                hal_iic08bitAddrRead
                0x020315c4                hal_iic016bitAddrWriteData
                0x0203166c                hal_iic016bitAddrReadData
                0x02031730                hal_iic016bitAddrWrite
                0x020317fc                hal_iic016bitAddrRead
 .text          0x020318dc     0x1e00 ./Debug/src_hal_lcd.c.o
                0x02031c20                hal_lcdSetBufYUV
                0x02031cb4                hal_lcd_vde_cfg
                0x02031cec                hal_lcd_gamma_cfg
                0x02031edc                usb_lcd_cfg
                0x02032190                lcd_isp_config
                0x02032354                hal_lcdLCMPowerOff
                0x020323cc                hal_lcdPreviewStop
                0x02032418                hal_lcdSetShowingSize
                0x02032430                hal_lcdSetRoate
                0x02032448                hal_lcdDealBuffer
                0x020324fc                hal_lcdGetShowingBuffer
                0x0203256c                hal_lcdGetIdleBuffer
                0x020325ac                hal_lcdPreviewStart
                0x020326f0                hal_lcdSetFrame
                0x02032718                vch_debug
                0x02032758                hal_lcdSetVCH
                0x02032830                hal_lcdUpdataVCH
                0x0203292c                hal_lcdSwitchFrame2
                0x02032bac                hal_lcdPreSetPIPEnable
                0x02032bcc                hal_lcdSetPIPEnable
                0x02032c04                hal_lcdGetResolution
                0x02032c88                hal_lcdGetOSDShowingResolution
                0x02032ce4                hal_lcdGetOSDShowingPosition
                0x02032d40                hal_lcdGetShowingRotate
                0x02032d70                hal_lcdGetBufferResolution
                0x02032dcc                hal_lcdGetVideoPos
                0x02032e28                deocode_done
                0x02032e88                hal_lcd_get_next_frame
                0x02032f38                lcd_struct_get
                0x02032f58                hal_lcdFrameEndCallBack
                0x02032fa4                hal_lcdRegister
                0x02033658                hal_lcd_lsawtooth
                0x02033678                hal_lcdSetCsiCrop
 .text          0x020336dc      0x6a4 ./Debug/src_hal_osd.c.o
                0x020336dc                hal_osdGetIdleRotateBuffer
                0x02033700                hal_osdGetIdleCmpBuffer
                0x02033724                hal_osdGetIdleDispBuffer
                0x02033748                hal_osdBufferRelease
                0x02033770                hal_osdDealBuffer
                0x020337f0                hal_osdInit
                0x02033a18                hal_osdGetCurBuff
                0x02033a60                hal_osdGetFreeBuff
                0x02033aa8                hal_osdSetBuff
                0x02033abc                hal_osdEnable
                0x02033af8                hal_osdSetAddr
                0x02033b34                hal_osdSetBuffer
                0x02033bc4                hal_osdSetPosition
                0x02033c0c                hal_osdSetPalette
                0x02033c44                hal_osdSetSize
                0x02033c84                hal_osdSetAlpha
                0x02033cc4                hal_osdGetBufferResolution
                0x02033d30                hal_deSet_DE_CCM
                0x02033d58                hal_deSet_DE_SAJ
 .text          0x02033d80      0xc84 ./Debug/src_hal_rtc.c.o
                0x02033dc0                hal_rtcCallBackRegister
                0x02033e20                hal_rtcCallBackRelease
                0x02033e5c                hal_rtcUninit
                0x02033e98                hal_rtcTimeGet
                0x02033eb4                hal_rtcTimeGetExt
                0x02033ee8                hal_rtcSecondGet
                0x02033f08                hal_rtcTime2String
                0x020341bc                hal_rtcTime2StringExt
                0x02034220                hal_rtcLeapYear
                0x0203443c                hal_rtcTime
                0x02034550                hal_rtcInit
                0x02034678                hal_rtcSecondSet
                0x020346b4                hal_rtcValue
                0x020347c4                hal_rtcTimeSet
                0x0203484c                hal_rtcAlarmSet
                0x020348dc                hal_rtcAlarmSetExt
                0x02034980                hal_rtcAlarmStatusGet
                0x020349bc                hal_vddWKOEnable
                0x020349e0                hal_vddGSENEnable
 .text          0x02034a04      0xcf0 ./Debug/src_hal_sd.c.o
                0x02034a04                hal_ClkSet1
                0x02034aa8                hal_sdStop
                0x02034d74                hal_sdNextLBA
                0x02034d94                hal_sdInit
                0x02035250                hal_sdUninit
                0x0203527c                hal_sdLock
                0x020352bc                hal_sdUnlock
                0x020352e8                hal_sdCheck
                0x0203548c                hal_sdSetCardState
                0x020354ac                hal_sdGetCardState
                0x020354cc                hal_sdGetBusWidth
                0x020354ec                hal_sdCapacity
                0x0203550c                hal_sdExist
                0x02035534                hal_sdWrite
                0x0203560c                hal_speed_callback
                0x0203563c                hal_sdRead
 .text          0x020356f4      0x5fc ./Debug/src_hal_spi.c.o
                0x020356f4                hal_spiIOShare
                0x0203570c                hal_spiIOCheck
                0x02035720                hal_spiInit
                0x0203574c                hal_spiSendByte
                0x02035770                hal_spiSend
                0x02035790                hal_spiRecvByte
                0x020357b0                hal_spiRecv
                0x02035838                hal_spiCSConfig
                0x0203585c                hal_spiFlashReadID
                0x020358bc                hal_spiFlashWriteEnable
                0x020358f0                hal_spiFlashWait
                0x02035974                hal_spiFlashReadPage
                0x020359ec                hal_spiFlashRead
                0x02035ab4                hal_spiFlashWritePage
                0x02035b48                hal_spiFlashWrite
                0x02035be4                hal_spiFlashEraseSector
                0x02035c50                hal_spiFlashEraseBlock
                0x02035cb4                hal_spiFlashEraseChip
 .text          0x02035cf0      0x128 ./Debug/src_hal_timer.c.o
                0x02035cf0                hal_timerStart
                0x02035d14                hal_timerStop
                0x02035d38                hal_timerEnable
                0x02035d70                hal_timerTickEnable
                0x02035da8                hal_timerTickGet
                0x02035dc8                hal_timerPWMStart
                0x02035df4                hal_timerPWMStop
 .text          0x02035e18      0x5d8 ./Debug/src_hal_uart.c.o
                0x02035e7c                hal_uartIOShare
                0x02035ebc                hal_uartIOShareCheck
                0x02035f04                Bt_Control_Led_OnOff
                0x02035f78                hal_uartSendData
                0x02035f9c                hal_uartRXIsrRegister
                0x02035fbc                uart_PutChar_n
                0x02035ff0                uart_PutStr
                0x02036030                uart_Put_hex
                0x0203615c                uart_Put_udec
                0x020361f0                uart_Put_dec
                0x02036298                uart_Printf
                0x020362b8                hal_uartInit
                0x02036314                uart_PrintfBuf
                0x020363ac                hal_uartPrintString
 .text          0x020363f0      0x64c ./Debug/src_hal_watermark.c.o
                0x02036458                hal_watermarkInit
                0x02036508                hal_watermarkClose
                0x020365a0                hal_watermarkClear
                0x02036620                hal_watermarkOpen
                0x020366c0                hal_watermarkColor
                0x02036714                hal_watermarkAddr
                0x0203672c                hal_watermarkSize
                0x02036778                hal_watermarkPosition
                0x020367c4                hal_watermarkCallbackRegister
                0x0203680c                hal_watermarkRam
                0x020368ac                hal_watermarkEnable
                0x02036a1c                hal_watermarkBPos_Adjust
 .text          0x02036a3c      0x3c4 ./Debug/src_hal_sys.c.o
                0x02036a84                hal_sysInit
                0x02036ba0                hal_sysMemPrint
                0x02036bd0                hal_sysMemMalloc
                0x02036ca0                hal_sysMemFree
                0x02036d94                hal_sysMemRemain
 .text          0x02036e00      0xba4 ./Debug/src_hal_auadc.c.o
                0x02036e00                _hal_auadcCallBackEnd
                0x02036f04                _hal_auadcCallBackHalf
                0x02036f5c                hal_audc_33ms_syncnt_clr
                0x02036f88                hal_audc_stamp_cal
                0x02036fb4                hal_audc_stamp_out
                0x02037008                hal_audc_stamp_next
                0x02037064                hal_auadcCallBackEnd
                0x020370e0                hal_auadcInit
                0x02037128                hal_auadcMemInit
                0x020371d8                hal_auadcMemUninit
                0x0203724c                hal_auadc_cnt
                0x02037298                _hal_auadcStartForUAC
                0x0203738c                hal_auadcStartForWAV
                0x02037484                hal_auadcStartForAVI
                0x020375a8                hal_auadcBufferGet
                0x02037688                hal_auadcBufferfree
                0x020376b4                hal_auadcStop
                0x020376dc                hal_auadcBufferRelease
                0x02037704                hal_auadcUACProcess
                0x020377f0                hal_adcBuffer_prefull
                0x02037854                hal_adcBuffer_halffull
                0x0203786c                hal_adc_volume_set
                0x0203788c                hal_uac_send
                0x020378f0                hal_auadcStartForUAC
 .text          0x020379a4     0x30b8 ./Debug/src_hal_mjpeg.c.o
                0x020379a4                hal_mjpegStart
                0x020379d4                hal_save_frame_isr
                0x02037a58                hal_mjpeg_manual_on
                0x02037bf8                hal_mjpegQualityCheck
                0x02037ca4                hal_mjpegCallback_state
                0x02037d00                hal_mjpegCallback
                0x02037f58                hal_mjpeg_manual_fdown
                0x020381b8                hal_jA_fcnt_get
                0x02038208                hal_mjpeg_mallocbuf
                0x02038228                hal_mjpegEncodeResolutionImageQuad
                0x020382b0                hal_mjpegSrcCSI
                0x02038418                hal_mjpegSrcRam
                0x0203842c                hal_mjpegSrcColorBar
                0x020384b4                hal_Cut_SDR_SrcCSI
                0x02038588                hal_mjpegMemInit
                0x020386f4                hal_mjpegEncode1Uninit
                0x02038728                hal_mjpegMemUninit
                0x020387c8                hal_mjpegMemUninit1
                0x02038854                hal_mjpegEncodeInit
                0x020388c0                hal_mjpegEncodeUninit
                0x02038910                hal_mjpegEncodeUninit1
                0x02038960                hal_mjpegPhotoUninit
                0x020389ec                hal_mjpegEncodeResolution
                0x02038a28                hal_mjpegEncodeResolutionImage
                0x02038aa4                hal_mjpegSizecalculate
                0x02038acc                hal_mjpeg_linebuf_switch
                0x02038bb0                hal_mjpeg_manual_quad_fdown
                0x02038cac                hal_mjpeg_manual_quad_on
                0x02038d30                hal_mjpeg_manual_get_csi_yuv_sta
                0x02038d50                hal_mjpeg_manual_on_frame
                0x02038dc8                hal_mjpegUVCStart
                0x02039144                hal_mjpegGetJpegAddr
                0x02039164                hal_mjpegPhotoStart
                0x020395bc                hal_mjpegAVIStart
                0x02039964                hal_mjpeg_avi_crop
                0x02039ab0                hal_mjpegRawDataGet
                0x02039ac8                hal_mjpegRawBuffer_prefull
                0x02039b38                hal_mjpegRawBuffer_halffull
                0x02039ba8                hal_mjpegRawBufferfree
                0x02039bd0                hal_mjpegRawBufferGet
                0x02039d30                hal_mjpegRawDataSet
                0x02039d58                hal_mjpegHeaderParse
                0x0203a428                hal_mjpegDecodeGetResolution
                0x0203a470                hal_mjpegDecodeSetResolution
                0x0203a494                hal_mjpeglDecodeGetResolution
                0x0203a4cc                hal_mjpeglDecodeSetResolution
                0x0203a4f8                hal_mjpegDecodeStatusCheck
                0x0203a518                hal_mjpegDecodeErrorCheck
                0x0203a538                hal_mjpegDecodeMiniSize
                0x0203a6d0                hal_mjpegDecodeStop
                0x0203a6f0                hal_mjpegDecodeReset
                0x0203a71c                hal_mjpegDecodePicture
                0x0203a78c                hal_mjpegDecodeNoIsr
                0x0203a7f8                hal_mjpegDecodeParse
                0x0203a828                hal_mjpegDecodeOneFrame
                0x0203a880                hal_mjpegDecodeOneFrame_Ext
                0x0203a908                hal_mjpegDecodeRestart_Ext
                0x0203a974                hal_mjpegDecodeOneFrame_Fast
                0x0203aa38                hal_mjpegDecodeODma1Cfg
 .text          0x0203aa5c       0x34 ./Debug/src_hal_int.c.o
                0x0203aa5c                hal_intInit
 .text          0x0203aa90        0x0 ./Debug/src_hal_wdt.c.o
 .text          0x0203aa90      0x4d8 ./Debug/src_hal_stream.c.o
                0x0203aa90                hal_streamInit
                0x0203ab88                hal_streamMalloc
                0x0203ac70                hal_streamIn_Drop
                0x0203acd4                hal_streamIn
                0x0203ad8c                hal_streamOut
                0x0203ae18                hal_streamOut_next
                0x0203aea8                hal_streamfree
                0x0203af50                hal_stream_size
 .text          0x0203af68        0x0 ./Debug/src_hal_emi.c.o
 .text          0x0203af68      0x1b4 ./Debug/src_hal_osdcmp.c.o
                0x0203afe0                hal_osdcmpStart
                0x0203b0d0                hal_osdcmpInit
                0x0203b0f8                hal_osdcmpCompOneFrame
 .text          0x0203b11c      0x350 ./Debug/src_hal_rotate.c.o
                0x0203b2e8                hal_rotateInit
                0x0203b33c                hal_rotateAdd
 .text          0x0203b46c      0xc80 ./Debug/src_hal_lcdframe.c.o
                0x0203b670                hal_lcdAddrCalculate
                0x0203b71c                hal_dispframeInit
                0x0203bcfc                hal_dispframeVideoCfg
                0x0203bf80                hal_dispframeMalloc
                0x0203c014                hal_dispframeFree
                0x0203c0a0                hal_dispframeSetCallback
                0x0203c0b8                hal_dispframeGetFrameNums
 .text          0x0203c0ec      0xdb4 ./Debug/src_hal_custom_yuv.c.o
                0x0203c338                hal_custom_frame_init
                0x0203c36c                hal_custom_frame_create
                0x0203c664                hal_custom_frame_unit
                0x0203c6e8                hal_custom_frame_add_enable
                0x0203c730                hal_custom_frame_add_lcd
                0x0203c7bc                hal_custom_frame_add_mjpeg
                0x0203c834                hal_custom_frame_add_Lmjpeg
                0x0203c8d4                hal_custom_frame_add_mjpeg2
                0x0203cb88                hal_custom_frame_reset_sensor_szie
                0x0203cbe4                decodePic
 .text          0x0203cea0      0x5b8 ./Debug/dusb_hal_usb_api.c.o
                0x0203cea0                usb_bulk_tx
                0x0203cecc                usb_bulk_rx
                0x0203cef8                hal_usbdReset
                0x0203cf28                usb_uvciso_kick
                0x0203cf58                usb_uvciso_wait_txdown
                0x0203cf7c                usb_uaciso_kick
                0x0203cfac                usb_uaciso_wait_txdown
                0x0203cfd0                uac_on
                0x0203cff8                uac_off
                0x0203d018                usb_fun_reg
                0x0203d16c                hal_usbdInit
                0x0203d1ac                hal_usbdUninit
                0x0203d1ec                hal_usbdEnable
                0x0203d214                hal_usbdUVCProcess
                0x0203d404                hal_usbdProcess
                0x0203d438                hal_usbdCheck
 .text          0x0203d458     0x1008 ./Debug/dusb_hal_usb_dev_enum.c.o
                0x0203d458                usb_ep0_tx
                0x0203d4d8                usbdev_stack_init
                0x0203d508                usbdev_rqu
                0x0203d530                usbdev_reset
                0x0203d55c                usb_bot_reset
                0x0203d5a8                usb_check_faddr
                0x0203d5f4                usb_ep0_clrrx_pkt0
                0x0203d630                usb_stall_ep
                0x0203d6bc                usb_clear_ep
                0x0203d738                usb_ep0_get_request
                0x0203d780                usb_ep0_transfer
                0x0203d834                usb_ep0_receive
                0x0203d88c                usb_ep0_get_status
                0x0203d99c                usb_ep0_clr_feature
                0x0203da14                usb_ep0_set_feature
                0x0203da84                usb_ep0_set_address
                0x0203db18                usb_ep0_get_configuration
                0x0203db6c                usb_ep0_set_configuration
                0x0203dbe8                usb_ep0_get_interface
                0x0203dc30                uvc_ready
                0x0203dc58                uac_ready
                0x0203dc80                usb_ep0_set_interface
                0x0203de04                usb_ep0_descriptor
                0x0203de70                usb_ep0_get_descriptor
                0x0203df80                usb_ep0_standard
                0x0203e01c                usb_ep0_class_get_lun
                0x0203e060                usb_ep0_class
                0x0203e168                usb_ep0_request
                0x0203e1b4                usb_ep0_hal
                0x0203e2a8                enum_epx_cfg
                0x0203e348                usb_dev_enum_reg
 .text          0x0203e460     0x1680 ./Debug/dusb_hal_usb_msc.c.o
                0x0203e460                msc_epx_cfg
                0x0203e500                ScsiStallAll
                0x0203e588                ScsiStallIn
                0x0203e604                ScsiStallout
                0x0203e654                dev_online
                0x0203e684                dev_cap
                0x0203e6b0                dev_stop
                0x0203e6dc                dev_busy
                0x0203e708                dev_free
                0x0203e734                mscSet_Status
                0x0203e770                Host_In_Data
                0x0203e81c                mscCmd_ReadCapacity
                0x0203e8f8                mscCmd_ReadFormatCapacity
                0x0203e9f0                mscCmd_RequestSense
                0x0203ea90                mscCmd_Inquiry
                0x0203eae8                mscCmd_ModeSense6
                0x0203eb74                mscCmd_TestUnitReady
                0x0203ec00                mscCmd_StartStopUnit
                0x0203ec5c                mscCmd_PreventAllowMediumRemoval
                0x0203ec9c                mscCmd_Verify
                0x0203ecb4                cb_FIFO2mem
                0x0203ed50                cb_mem2FIFO
                0x0203eddc                cb_mem_read
                0x0203ee54                cb_mem_write
                0x0203eed4                cb_mem_rwex
                0x0203ef10                mscCmd_ufmod
                0x0203ef60                sent_csw
                0x0203f020                mscCmd_Read
                0x0203f150                mscCmd_Write