Archive member included because of file (symbol)

../bwlib\libwatermark.a(image_watermark.o)
                              ./Debug/taskPhotoEncode.c.o (watermark_bmp2yuv_init)
../bwlib\libinterface.a(userInterface.o)
                              ./Debug/taskPhotoEncodeMsg.c.o (animationInit)
../bwlib\liblimage.a(imageL_encode.o)
                              ./Debug/src_hal_mjpeg.c.o (hal_mjpeg_rev_buf_set)
../bwlib\libmp3.a(mp3_decode_api.o)
                              ./Debug/taskAudioPlayer.c.o (mp3_dac_memInit)
../bwlib\libmp3.a(decoder.o)  ../bwlib\libmp3.a(mp3_decode_api.o) (mad_decoder_init)
../bwlib\libmp3.a(stream.o)   ../bwlib\libmp3.a(decoder.o) (mad_stream_init)
../bwlib\libmp3.a(synth.o)    ../bwlib\libmp3.a(decoder.o) (mad_synth_init)
../bwlib\libmp3.a(bit.o)      ../bwlib\libmp3.a(stream.o) (mad_bit_init)
../bwlib\libmp3.a(frame.o)    ../bwlib\libmp3.a(decoder.o) (mad_frame_finish)
../bwlib\libmp3.a(layer12.o)  ../bwlib\libmp3.a(frame.o) (mad_layer_I)
../bwlib\libmp3.a(timer.o)    ../bwlib\libmp3.a(frame.o) (mad_timer_set)
../bwlib\libmp3.a(layer3.o)   ../bwlib\libmp3.a(frame.o) (mad_layer_III)
../bwlib\libmp3.a(huffman.o)  ../bwlib\libmp3.a(layer3.o) (mad_huff_pair_table)
../bwlib\libsd.a(ax32xx_sd.o)
                              ./Debug/src_hal_sd.c.o (ax32xx_sd0Init)
../bwlib\libavi.a(aviEncoder.o)
                              ./Debug/video_video_record.c.o (aviEncodeInit)
../bwlib\libavi.a(encoder_std.o)
                              ../bwlib\libavi.a(aviEncoder.o) (avi_encoder_std)
../bwlib\libavi.a(encoder_odml.o)
                              ../bwlib\libavi.a(aviEncoder.o) (avi_odmlAddoffset)
../bwlib\libavi.a(aviDecoder.o)
                              ./Debug/video_video_playback.c.o (aviDecodeInit)
../bwlib\libavi.a(decoder_std.o)
                              ../bwlib\libavi.a(aviDecoder.o) (avi_standard)
../bwlib\libavi.a(decoder_odml.o)
                              ../bwlib\libavi.a(aviDecoder.o) (avi_opendml)
../bwlib\libfs.a(fs.o)        ./Debug/taskSysScanDevice.c.o (fs_nodeinit)
../bwlib\libfs.a(diskio.o)    ./Debug/main.c.o (fs_init)
../bwlib\libfs.a(ff.o)        ../bwlib\libfs.a(fs.o) (clst2sect)
../bwlib\libfs.a(ffunicode.o)
                              ../bwlib\libfs.a(ff.o) (ff_uni2oem)
C:/MinGW-4.7.1/or1k-elf/lib/no-delay\libc.a(lib_a-memcmp.o)
                              ../bwlib\libfs.a(ff.o) (memcmp)
C:/MinGW-4.7.1/or1k-elf/lib/no-delay\libc.a(lib_a-memcpy.o)
                              ./Debug/resource_manager.c.o (memcpy)
C:/MinGW-4.7.1/or1k-elf/lib/no-delay\libc.a(lib_a-memmove.o)
                              ./Debug/game_tetris.c.o (memmove)
C:/MinGW-4.7.1/or1k-elf/lib/no-delay\libc.a(lib_a-memset.o)
                              ./Debug/main.c.o (memset)
C:/MinGW-4.7.1/or1k-elf/lib/no-delay\libc.a(lib_a-rand.o)
                              ./Debug/taskAudioPlayerMsg.c.o (rand)
C:/MinGW-4.7.1/or1k-elf/lib/no-delay\libc.a(lib_a-strcasecmp.o)
                              ./Debug/resource_manager.c.o (strcasecmp)
C:/MinGW-4.7.1/or1k-elf/lib/no-delay\libc.a(lib_a-strcat.o)
                              ./Debug/resource_manager.c.o (strcat)
C:/MinGW-4.7.1/or1k-elf/lib/no-delay\libc.a(lib_a-strchr.o)
                              ../bwlib\libfs.a(ff.o) (strchr)
C:/MinGW-4.7.1/or1k-elf/lib/no-delay\libc.a(lib_a-strcmp.o)
                              ./Debug/resource_manager.c.o (strcmp)
C:/MinGW-4.7.1/or1k-elf/lib/no-delay\libc.a(lib_a-strcpy.o)
                              ./Debug/resource_manager.c.o (strcpy)
C:/MinGW-4.7.1/or1k-elf/lib/no-delay\libc.a(lib_a-strlen.o)
                              ./Debug/resource_manager.c.o (strlen)
C:/MinGW-4.7.1/or1k-elf/lib/no-delay\libc.a(lib_a-strncmp.o)
                              ./Debug/resource_manager.c.o (strncmp)
C:/MinGW-4.7.1/or1k-elf/lib/no-delay\libc.a(lib_a-strstr.o)
                              ../bwlib\liblimage.a(imageL_encode.o) (strstr)
C:/MinGW-4.7.1/or1k-elf/lib/no-delay\libc.a(lib_a-ctype_.o)
                              C:/MinGW-4.7.1/or1k-elf/lib/no-delay\libc.a(lib_a-strcasecmp.o) (__ctype_ptr__)
C:/MinGW-4.7.1/or1k-elf/lib/no-delay\libc.a(lib_a-getreent.o)
                              C:/MinGW-4.7.1/or1k-elf/lib/no-delay\libc.a(lib_a-rand.o) (__getreent)
C:/MinGW-4.7.1/or1k-elf/lib/no-delay\libc.a(lib_a-impure.o)
                              C:/MinGW-4.7.1/or1k-elf/lib/no-delay\libc.a(lib_a-getreent.o) (_impure_ptr)
C:/MinGW-4.7.1/or1k-elf/lib/no-delay\libc.a(lib_a-memchr.o)
                              C:/MinGW-4.7.1/or1k-elf/lib/no-delay\libc.a(lib_a-strstr.o) (memchr)
C:/MinGW-4.7.1/lib/gcc/or1k-elf/4.9.1/no-delay\libgcc.a(_muldi3.o)
                              ../bwlib\libmp3.a(mp3_decode_api.o) (__muldi3)
C:/MinGW-4.7.1/lib/gcc/or1k-elf/4.9.1/no-delay\libgcc.a(_udivdi3.o)
                              ../bwlib\libmp3.a(mp3_decode_api.o) (__udivdi3)
C:/MinGW-4.7.1/lib/gcc/or1k-elf/4.9.1/no-delay\libgcc.a(addsf3.o)
[...]
Memory Configuration

Name             Origin             Length             Attributes
boot             0x01fffc00         0x00000200
ram_boot         0x00000000         0x00005000
ram_user         0x00000000         0x00005000
usbfifo          0x00008000         0x00001000
sdram            0x02000000         0x00400000
exsdram          0x00000000         0x00800000
*default*        0x00000000         0xffffffff

Linker script and memory map

LOAD ./Debug/ax32xx_reset.S.o
LOAD ./Debug/ax32xx_spi_boot_cfg.S.o
LOAD ./Debug/ax32xx_BLDRX32.S.o
LOAD ./Debug/main.c.o
LOAD ./Debug/resource_manager.c.o
LOAD ./Debug/upgrade.c.o
LOAD ./Debug/board.c.o
LOAD ./Debug/board_bwv1.c.o
LOAD ./Debug/config.c.o
LOAD ./Debug/display.c.o
LOAD ./Debug/explorer.c.o
LOAD ./Debug/filelist.c.o
LOAD ./Debug/font.c.o
LOAD ./Debug/icon.c.o
LOAD ./Debug/configGetValue.c.o
LOAD ./Debug/configSystem.c.o
LOAD ./Debug/logo.c.o
LOAD ./Debug/menuMovieRec.c.o
LOAD ./Debug/msgDeal.c.o
LOAD ./Debug/msgSysRecommend.c.o
LOAD ./Debug/msgSysUnshielded.c.o
LOAD ./Debug/taskManage.c.o
LOAD ./Debug/taskPhotoEncode.c.o
LOAD ./Debug/taskPhotoEncodeMsg.c.o
LOAD ./Debug/taskPlayBack.c.o
LOAD ./Debug/taskPlayBackMsg.c.o
LOAD ./Debug/taskPowerOff.c.o
LOAD ./Debug/taskSysScanDevice.c.o
LOAD ./Debug/taskUsbDevice.c.o
LOAD ./Debug/taskVideoRecord.c.o
LOAD ./Debug/taskVideoRecordMsg.c.o
LOAD ./Debug/toolFunc.c.o
LOAD ./Debug/uiAsternMsg.c.o
LOAD ./Debug/uiMenuDateTimeMsg.c.o
LOAD ./Debug/uiMenuDefaultMsg.c.o
LOAD ./Debug/uiMenuDelCurMsg.c.o
LOAD ./Debug/uiMenuFormatMsg.c.o
LOAD ./Debug/uiMenuItemMsg.c.o
LOAD ./Debug/uiMenuOptionMsg.c.o
LOAD ./Debug/uiNoFileMsg.c.o
LOAD ./Debug/uiTips1Msg.c.o
LOAD ./Debug/uiTipsMsg.c.o
LOAD ./Debug/uiWin.c.o
LOAD ./Debug/uiMenuVersionMsg.c.o
LOAD ./Debug/taskMainMenu.c.o
LOAD ./Debug/taskMainMenuMsg.c.o
LOAD ./Debug/taskGameMenu.c.o
LOAD ./Debug/taskGameMenuMsg.c.o
LOAD ./Debug/taskAudioPlayer.c.o
LOAD ./Debug/taskAudioPlayerMsg.c.o
LOAD ./Debug/game_block.c.o
LOAD ./Debug/game_snake.c.o
LOAD ./Debug/game_sokoban.c.o
LOAD ./Debug/game_tetris.c.o
LOAD ./Debug/taskGame.c.o
LOAD ./Debug/game_maze.c.o
LOAD ./Debug/taskSettingMenu.c.o
LOAD ./Debug/taskApp.c.o
LOAD ./Debug/taskAppMsg.c.o
LOAD ./Debug/taskAppRes.c.o
LOAD ./Debug/xos_x_cpu.c.o
LOAD ./Debug/xos_xmbox.c.o
LOAD ./Debug/xos_xmsgq.c.o
LOAD ./Debug/xos_xos.c.o
LOAD ./Debug/xos_xwork.c.o
LOAD ./Debug/multimedia_user_media.c.o
LOAD ./Debug/multimedia_user_effect.c.o
LOAD ./Debug/sUI_dialog.c.o
LOAD ./Debug/sUI_frameWin.c.o
LOAD ./Debug/sUI_imageIcon.c.o
LOAD ./Debug/sUI_itemManage.c.o
LOAD ./Debug/sUI_menuItem.c.o
LOAD ./Debug/sUI_menuOption.c.o
LOAD ./Debug/sUI_progressBar.c.o
LOAD ./Debug/sUI_rect.c.o
LOAD ./Debug/sUI_stringIcon.c.o
LOAD ./Debug/sUI_uiAlloc.c.o
LOAD ./Debug/sUI_widget.c.o
LOAD ./Debug/sUI_winManage.c.o
LOAD ./Debug/sUI_memPool.c.o
LOAD ./Debug/sUI_widgetManage.c.o
LOAD ./Debug/sUI_menuItemEx.c.o
LOAD ./Debug/src_ax32xx_int.c.o
LOAD ./Debug/src_ax32xx_sys.c.o
LOAD ./Debug/src_ax32xx_dma.c.o
LOAD ./Debug/src_ax32xx_wdt.c.o
LOAD ./Debug/src_ax32xx_gpio.c.o
LOAD ./Debug/src_ax32xx_uart.c.o
LOAD ./Debug/src_ax32xx_timer.c.o
LOAD ./Debug/src_ax32xx_tminf.c.o
LOAD ./Debug/src_ax32xx_spi.c.o
LOAD ./Debug/src_ax32xx_rtc.c.o
LOAD ./Debug/src_ax32xx_iic.c.o
LOAD ./Debug/src_ax32xx_dac.c.o
LOAD ./Debug/src_ax32xx_adc.c.o
LOAD ./Debug/src_ax32xx_auadc.c.o
LOAD ./Debug/src_ax32xx_isp.c.o
LOAD ./Debug/src_jpeg_table.c.o
LOAD ./Debug/src_ax32xx_usb.c.o
LOAD ./Debug/src_ax32xx_misc.c.o
LOAD ./Debug/src_ax32xx_pip.c.o
LOAD ./Debug/src_ax32xx_btuart.c.o
LOAD ./Debug/src_ax32xx_crc.c.o
LOAD ./Debug/src_ax32xx_emi.c.o
LOAD ./Debug/src_ax32xx_rotate.c.o
LOAD ./Debug/src_ax32xx_osdcmp.c.o
LOAD ./Debug/osd_ax32xx_osd.c.o
LOAD ./Debug/csi_ax32xx_csi.c.o
LOAD ./Debug/lcd_ax32xx_lcd.c.o
LOAD ./Debug/mjpeg_ax32xx_mjpeg.c.o
LOAD ./Debug/resource_user_icon.c.o
LOAD ./Debug/resource_user_str.c.o
LOAD ./Debug/src_hal_adc.c.o
LOAD ./Debug/src_hal_csi.c.o
LOAD ./Debug/src_hal_dac.c.o
LOAD ./Debug/src_hal_eeprom.c.o
LOAD ./Debug/src_hal_gpio.c.o
LOAD ./Debug/src_hal_iic.c.o
LOAD ./Debug/src_hal_lcd.c.o
LOAD ./Debug/src_hal_osd.c.o
LOAD ./Debug/src_hal_rtc.c.o
LOAD ./Debug/src_hal_sd.c.o
LOAD ./Debug/src_hal_spi.c.o
LOAD ./Debug/src_hal_timer.c.o
LOAD ./Debug/src_hal_uart.c.o
LOAD ./Debug/src_hal_watermark.c.o
LOAD ./Debug/src_hal_sys.c.o
LOAD ./Debug/src_hal_auadc.c.o
LOAD ./Debug/src_hal_mjpeg.c.o
LOAD ./Debug/src_hal_int.c.o
LOAD ./Debug/src_hal_wdt.c.o
LOAD ./Debug/src_hal_stream.c.o
LOAD ./Debug/src_hal_emi.c.o
LOAD ./Debug/src_hal_osdcmp.c.o
LOAD ./Debug/src_hal_rotate.c.o
LOAD ./Debug/src_hal_lcdframe.c.o
LOAD ./Debug/src_hal_custom_yuv.c.o
LOAD ./Debug/dusb_hal_usb_api.c.o
LOAD ./Debug/dusb_hal_usb_dev_enum.c.o
LOAD ./Debug/dusb_hal_usb_msc.c.o
LOAD ./Debug/dusb_hal_usb_uac.c.o
LOAD ./Debug/dusb_hal_usb_uvc.c.o
LOAD ./Debug/audio_audio_playback.c.o
LOAD ./Debug/audio_audio_record.c.o
LOAD ./Debug/audio_ring_buffer.c.o
LOAD ./Debug/video_video_playback.c.o
LOAD ./Debug/video_video_record.c.o
LOAD ./Debug/image_image_decode.c.o
LOAD ./Debug/wav_alaw.c.o
LOAD ./Debug/wav_imaadpcm.c.o
LOAD ./Debug/wav_pcm.c.o
LOAD ./Debug/wav_ulaw.c.o
LOAD ./Debug/wav_wav.c.o
LOAD ./Debug/stream_stream.c.o
LOAD ./Debug/btcom_btcom_user.c.o
LOAD ./Debug/unifont_ebook_font.c.o
LOAD ./Debug/unifont_ebook_port.c.o
LOAD ./Debug/cmos_sensor_cmos_sensor.c.o
LOAD ./Debug/cmos_sensor_SENSOR_BF2013.c.o
LOAD ./Debug/cmos_sensor_SENSOR_BF3016.c.o
LOAD ./Debug/cmos_sensor_SENSOR_BF3703.c.o
LOAD ./Debug/cmos_sensor_SENSOR_GC0307.c.o
LOAD ./Debug/cmos_sensor_SENSOR_GC0308.c.o
LOAD ./Debug/cmos_sensor_SENSOR_GC0309.c.o
LOAD ./Debug/cmos_sensor_SENSOR_GC0328.c.o
LOAD ./Debug/cmos_sensor_SENSOR_GC1004.c.o
LOAD ./Debug/cmos_sensor_SENSOR_H42.c.o
LOAD ./Debug/cmos_sensor_SENSOR_H7640.c.o
LOAD ./Debug/cmos_sensor_SENSOR_HM1055.c.o
LOAD ./Debug/cmos_sensor_SENSOR_IT03A1.c.o
LOAD ./Debug/cmos_sensor_SENSOR_NT99141.c.o
LOAD ./Debug/cmos_sensor_SENSOR_NT99142.c.o
LOAD ./Debug/cmos_sensor_SENSOR_OV7670.c.o
LOAD ./Debug/cmos_sensor_SENSOR_OV7725.c.o
LOAD ./Debug/cmos_sensor_SENSOR_OV9710.c.o
LOAD ./Debug/cmos_sensor_SENSOR_OV9732.c.o
LOAD ./Debug/cmos_sensor_SENSOR_SC1045.c.o
LOAD ./Debug/cmos_sensor_SENSOR_SIV100B.c.o
LOAD ./Debug/cmos_sensor_SENSOR_SIV120B.c.o
LOAD ./Debug/cmos_sensor_SENSOR_SIV121DS.c.o
LOAD ./Debug/cmos_sensor_SENSOR_SP1409.c.o
LOAD ./Debug/cmos_sensor_SENSOR_H62.c.o
LOAD ./Debug/cmos_sensor_SENSOR_GC1034.c.o
LOAD ./Debug/cmos_sensor_SENSOR_OV7736.c.o
LOAD ./Debug/cmos_sensor_SENSOR_SP140A.c.o
LOAD ./Debug/cmos_sensor_SENSOR_GC1054.c.o
LOAD ./Debug/cmos_sensor_SENSOR_GC1064.c.o
LOAD ./Debug/cmos_sensor_SENSOR_H63.c.o
LOAD ./Debug/cmos_sensor_SENSOR_GC1084.c.o
LOAD ./Debug/cmos_sensor_SENSOR_H63P.c.o
LOAD ./Debug/cmos_sensor_SENSOR_BF3a03after.c.o
LOAD ./Debug/cmos_sensor_SENSOR_BF3a03front.c.o
LOAD ./Debug/cmos_sensor_SENSOR_BF20A6.c.o
LOAD ./Debug/tft_lcd_lcd_mcu_st7789.c.o
LOAD ./Debug/tft_lcd_lcd_rgb_jl_lcd.c.o
LOAD ./Debug/tft_lcd_lcd_rgb_st7282.c.o
LOAD ./Debug/tft_lcd_tft_lcd.c.o
LOAD ./Debug/tft_lcd_lcd_mcu_5420.c.o
LOAD ./Debug/tft_lcd_lcd_mcu_r61509v.c.o
LOAD ./Debug/tft_lcd_lcd_rgb_ili8961.c.o
LOAD ./Debug/tft_lcd_lcd_rgb_ili9342c.c.o
LOAD ./Debug/tft_lcd_lcd_mcu_ili9328.c.o
LOAD ./Debug/tft_lcd_lcd_mcu_hx8352b.c.o
LOAD ./Debug/tft_lcd_lcd_mcu_st7789v.c.o
LOAD ./Debug/tft_lcd_lcd_mcu_hx8352c.c.o
LOAD ./Debug/tft_lcd_lcd_mcu_hx8357b.c.o
LOAD ./Debug/tft_lcd_lcd_rgb_ili9806e.c.o
LOAD ./Debug/tft_lcd_lcd_rgb_ota5182.c.o
LOAD ./Debug/tft_lcd_lcd_rgb_st7701.c.o
LOAD ./Debug/tft_lcd_lcd_mcu_lgdp4532.c.o
LOAD ./Debug/tft_lcd_lcd_mcu_9225G.c.o
LOAD ./Debug/tft_lcd_lcd_mcu_st7789_666format.c.o
LOAD ./Debug/tft_lcd_lcd_mcu_ili9341.c.o
LOAD ./Debug/tft_lcd_lcd_mcu_nv3030a.c.o
LOAD ./Debug/tft_lcd_lcd_mcu_nv3030b.c.o
LOAD ./Debug/printer_printer.c.o
LOAD ./Debug/nvfs_nvfs.c.o
LOAD ./Debug/Maxlib_max_user.c.o
LOAD ./Debug/Maxlib_uiDraw.c.o
LOAD ./Debug/src_btcom.c.o
LOAD ./Debug/src_btcom_buf.c.o
LOAD ./Debug/src_btcom_parser.c.o
LOAD ./Debug/std_misc.c.o
LOAD ./Debug/std_std_math.c.o
LOAD ./Debug/std_str.c.o
LOAD ./Debug/res_ascii.c.o
LOAD ./Debug/res_ascii_default.c.o
LOAD ./Debug/res_ascii_default_draw.c.o
LOAD ./Debug/res_R.c.o
LOAD ./Debug/res_R_icon.c.o
LOAD ./Debug/res_R_string.c.o
LOAD ./Debug/res_ascii_num3.c.o
LOAD ./Debug/res_ascii_num3_draw.c.o
LOAD ../bwlib\libwatermark.a
LOAD ../bwlib\libinterface.a
LOAD ../bwlib\liblimage.a
LOAD ../bwlib\libmp3.a
LOAD ../bwlib\libsd.a
LOAD ../bwlib\libavi.a
LOAD ../bwlib\libfs.a
LOAD C:/MinGW-4.7.1/or1k-elf/lib/no-delay\libc.a
LOAD C:/MinGW-4.7.1/lib/gcc/or1k-elf/4.9.1/no-delay\libgcc.a

.bootsec        0x01fffc00      0x200 load address 0x00000000
 *(.bootsec)
 .bootsec       0x01fffc00      0x200 ./Debug/ax32xx_BLDRX32.S.o
                0x01fffc10                hex
                0x01fffc10                .hex
                0x01fffcbc                .bootsect

.exception      0x00000000     0x1ff8 load address 0x00000200
                0x00000000                _exception_vma = .
 *(.vector)
 .vector        0x00000000      0x3e8 ./Debug/ax32xx_reset.S.o
                0x0000031c                _start
                0x00000358                _step_in
                0x0000039c                _step_out
 *(.vector.text)
 .vector.text   0x000003e8     0x1a7c ./Debug/src_ax32xx_int.c.o
                0x0000053c                exception_delay
                0x00000564                _rtcRamWrite
                0x0000060c                _rtcRamRead
                0x000006c0                my_putchar
                0x00000720                exception_uart_puts
                0x00000734                exception_putword
                0x00000748                my_memset
                0x00000778                exception_init
                0x0000081c                ax32xx_vddrtcCalculate
                0x00000848                check_if_xosc_exist
                0x0000091c                psram_io_drive
                0x00000b40                tuneDataInit
                0x00000b80                setTuneDataBit32
                0x00000bc8                setTuneDataBit
                0x00000bf0                getTuneDataBit32
                0x00000c40                tuneDataReginMatch32
                0x00000d64                getTuneDataInfor
                0x00000e48                psram_rd_wr_test
                0x00000f0c                psram_tunning
                0x00001250                psram_init
                0x00001c24                exception
                0x00001e48                exception_trigger
 *(.vector.data)
 .vector.data   0x00001e64      0x100 ./Debug/ax32xx_reset.S.o
                0x00001e64                _step_data
 .vector.data   0x00001f64       0x94 ./Debug/src_ax32xx_int.c.o
                0x00001f64                tuneData
                0x00001fe8                sdr_tune_source
                0x00001fec                chip_vision

.ram            0x00002000     0x28e0 load address 0x00002200
                0x00002000                __sram_start = .
 *(.msk_var_use)
 *(.sdc_buf)
 .sdc_buf       0x00002000       0x40 ../bwlib\libsd.a(ax32xx_sd.o)
 *(.sram_comm)
 .sram_comm     0x00002040       0x60 ./Debug/xos_xmsgq.c.o
 .sram_comm     0x000020a0      0x280 ./Debug/src_ax32xx_isp.c.o
                0x000020a0                csi_stat
 .sram_comm     0x00002320     0x25c0 ./Debug/src_hal_sys.c.o
                0x00002320                ramuse
                0x000048e0                __sram_end = .

.fifo           0x00008000      0xce0
                0x00008000                __ufifo_start = .
 *(.sram_Usbfifo)
 .sram_Usbfifo  0x00008000      0xce0 ./Debug/src_hal_sys.c.o
                0x00008000                usbfifo
                0x00008ce0                __ufifo_end = .

.text           0x02000000    0x86560 load address 0x00002200
                0x02000000                _text_start = .
 *(.text*)
 .text          0x02000000        0x0 ./Debug/ax32xx_reset.S.o
 .text          0x02000000        0x0 ./Debug/ax32xx_spi_boot_cfg.S.o
 .text          0x02000000        0x0 ./Debug/ax32xx_BLDRX32.S.o
 .text          0x02000000      0x4e0 ./Debug/main.c.o
                0x02000000                registerTask
                0x020000cc                init
                0x02000478                systemService
                0x020004ac                sendDrawUIMsg
 .text.startup  0x020004e0       0xc0 ./Debug/main.c.o
                0x020004e0                main
 .text          0x020005a0     0x1eac ./Debug/resource_manager.c.o
                0x020006dc                managerInit
                0x02000754                managerCreate
                0x0200082c                managerDestory
                0x020008a4                managerFileCount
                0x0200093c                managerFileCountEx
                0x020009a8                managerLockFile
                0x02000a20                managerLockFileExt
                0x02000ac8                managerUnlockFileExt
                0x02000b74                managerCheckLock
                0x02000bb0                managerCheckLockExt
                0x02000c38                managerFlush
                0x02000ca4                managerDelFileByIndex
                0x02000db4                managerDelFileAll
                0x02000e98                managerScanStart
                0x02000f00                managerScanEnd
                0x02000fc0                explorerListHook
                0x02000fd8                managerNameChange
                0x020011d8                managerSpaceCheck
                0x020015b4                manangerCheckFileType
                0x02001814                managerAddFile
                0x020018b8                managerAddFileEx
                0x02001918                managerRenameExt
                0x020019b8                managerRename
                0x02001a78                managerUnlockFile
                0x02001b38                managerDelFileByName
                0x02001c94                managerDelFileByFullName
                0x02001e14                managerFileNameCreater
                0x02002028                managerFileScan
                0x020021cc                manangerGetFileFullPathName
                0x02002280                manangerGetFileName
                0x02002318                manangerFindFileAndDel
                0x020023f4                getExtName
 .text          0x0200244c      0x4fc ./Debug/upgrade.c.o
                0x0200244c                upgrade_led_control
                0x020024c4                upgrade_uiProgress
                0x02002504                upgrade
 .text          0x02002948      0x310 ./Debug/board.c.o
                0x02002948                boardInit
                0x02002a70                boardOpen
                0x02002b14                boardIoctrl
                0x02002b9c                boardNameIoctrl
 .text          0x02002c58      0xb5c ./Debug/board_bwv1.c.o
                0x020032f0                board_bat_ofs
                0x02003308                board_bat_lowest
                0x02003320                getCurBatteryADC
                0x02003340                getKeyADCvalue
                0x02003360                getKeyVal
                0x02003434                getKey
                0x02003634                keyScanKey
 .text          0x020037b4      0x328 ./Debug/config.c.o
                0x020037b4                configCheckSumCal
                0x020037f8                userConfigSave
                0x0200386c                userConfigReset
                0x020039ac                userConfigInitial
                0x02003a60                configSet
                0x02003a9c                configGet
 .text          0x02003adc      0xe18 ./Debug/display.c.o
                0x02003adc                dispLayerPIPOnlyFront
                0x02003b4c                dispLayerPIPOnlyBack
                0x02003bc8                dispLayerPIPBakRightTop
                0x02003c68                dispLayerPIPFrtRightTop
                0x02003cec                dispLayerPIPFBHalf
                0x02003d70                dispLayerPIPBFHalf
                0x02003df4                dispLayerUninit
                0x02003e50                dispLayerGetResolution
                0x02003f24                dispLayerSetResolution
                0x02004010                dispLayerSetRotate
                0x02004044                dispRatioResolutionCalculate
                0x0200411c                dispLayerSetRatio
                0x020041cc                dispLayerInit
                0x020043f8                dispLayerShow
                0x0200443c                dispLayerGetFrame
                0x02004484                dispLayerGetFreeFrame
                0x020044c4                dispLayerFreeFrame
                0x0200453c                dispLayerSetFrame
                0x02004588                dispLayerSetPIPMode
                0x020045ec                dispLayer_ABwin
                0x0200461c                dispLayer_getABwin
                0x0200463c                dispLayerSetFrontCrop
 .text          0x020048f4        0x0 ./Debug/explorer.c.o
 .text          0x020048f4      0xc9c ./Debug/filelist.c.o
 .text          0x02005590      0x8ec ./Debug/font.c.o
                0x020057a0                fontInit
                0x02005868                fontSetLanguage
                0x02005918                fontGetStringInfo
                0x020059c8                fontDrawString
                0x02005bb8                resGetString
                0x02005cd0                resGetChar
 .text          0x02005e7c      0x270 ./Debug/icon.c.o
                0x02005e7c                iconInit
                0x02005ec8                iconGetSize
                0x02005f6c                iconGetData
                0x02006008                iconGetAddr
                0x0200607c                iconGetPalette
 .text          0x020060ec       0x58 ./Debug/configGetValue.c.o
                0x020060ec                configValue2Int
 .text          0x02006144      0x214 ./Debug/configSystem.c.o
                0x02006144                configLanguage
                0x020061d4                configSys
                0x0200631c                configSystem
 .text          0x02006358      0x884 ./Debug/logo.c.o
                0x02006410                logo_image_show
                0x02006508                jpg_decode_show
                0x020065f0                system_audio_play
                0x02006820                deamon_sound_play
                0x020068d0                logo_music_show
                0x02006900                layout_logo_show
                0x020069f8                layout_version_get
                0x02006a7c                layout_keysound_load
                0x02006b54                layout_sound_load
 .text          0x02006bdc       0xb0 ./Debug/menuMovieRec.c.o
                0x02006bdc                menuProcDateTime
                0x02006c08                menuProcFormat
                0x02006c34                menuProcDefault
                0x02006c60                menuProcVersion
 .text          0x02006c8c      0x350 ./Debug/msgDeal.c.o
                0x02006c8c                msgFuncRegister
                0x02006d44                unshieldedMsgFuncRegister
                0x02006dc0                msgDeal
                0x02006ee8                msgDealByType
                0x02006f80                msgDealByMsgInfor
 .text          0x02006fdc       0x30 ./Debug/msgSysRecommend.c.o
 .text          0x0200700c      0x59c ./Debug/msgSysUnshielded.c.o
 .text          0x020075a8      0x30c ./Debug/taskManage.c.o
                0x020075a8                taskInit
                0x0200761c                taskInfor
                0x02007630                taskRegister
                0x02007668                taskPrevious
                0x02007688                taskCurrent
                0x020076a8                taskNext
                0x020076c8                taskStart
                0x02007748                taskService
 .text          0x020078b4      0xb90 ./Debug/taskPhotoEncode.c.o
                0x020078b4                taskPhotoEncodeOpen
                0x0200797c                taskPhotoEncodeClose
                0x02007a4c                taskPhotoEncodeService
                0x02007afc                photo_animation_effect
                0x02007e14                task_image_createfile
                0x02007f04                image_take_photo
                0x020080d0                image_take_photo_to_sdram
 .text          0x02008444     0x2560 ./Debug/taskPhotoEncodeMsg.c.o
                0x0200a92c                photoFocusIconCancel
 .text          0x0200a9a4      0x5d4 ./Debug/taskPlayBack.c.o
                0x0200a9a4                taskPlayBackClose
                0x0200a9e0                video_playback_jpg_scale
                0x0200ab58                video_playback_start
                0x0200ae44                taskPlayBackOpen
                0x0200aebc                taskPlayBackService
 .text          0x0200af78     0x176c ./Debug/taskPlayBackMsg.c.o
                0x0200c5d8                playbackPlayTimeCancel
                0x0200c614                backBrushBlack
 .text          0x0200c6e4      0x210 ./Debug/taskPowerOff.c.o
                0x0200c6e4                uninit
                0x0200c850                taskPowerOffOpen
 .text          0x0200c8f4      0xf24 ./Debug/taskSysScanDevice.c.o
                0x0200c8f4                timerMsgSend
                0x0200c998                setKeyEn
                0x0200c9b8                deamon_astern_check
                0x0200c9cc                reflush_usensor_check
                0x0200ca24                setSoftwareDetachUsensor
                0x0200ca44                deamon_usb_check
                0x0200ce9c                deamon_gsensor_check
                0x0200ceb0                deamon_screen_save
                0x0200d000                deamon_key_check
                0x0200d104                deamon_auto_poweroff
                0x0200d23c                deamon_keysound_play
                0x0200d280                deamon_fsFreeSize
                0x0200d2f0                deamon_fs_scan
                0x0200d4a8                deamon_sdc_check
                0x0200d69c                taskSysScanDev
                0x0200d784                deamon_fsSizeModify
 .text          0x0200d818      0x3fc ./Debug/taskUsbDevice.c.o
 .text          0x0200dc14      0xc64 ./Debug/taskVideoRecord.c.o
                0x0200dc14                taskVideoRecordeService
                0x0200dce4                task_video_Get_Status
                0x0200dd04                video_record_start
                0x0200dd9c                task_record_stop
                0x0200de20                taskVideoRecordeClose
                0x0200df28                task_video_record_caltime
                0x0200dfa4                video_record_callback
                0x0200e630                taskVideoRecordeOpen
                0x0200e7b4                taskVideoRecTimeIncreace
                0x0200e7c8                videoCapturePhoto
 .text          0x0200e878     0x1188 ./Debug/taskVideoRecordMsg.c.o
                0x0200f72c                isLongTestMode
                0x0200f754                recordTimeCount1S
 .text          0x0200fa00       0xcc ./Debug/toolFunc.c.o
                0x0200fa00                intToString
 .text          0x0200facc        0x0 ./Debug/uiAsternMsg.c.o
 .text          0x0200facc      0x858 ./Debug/uiMenuDateTimeMsg.c.o
 .text          0x02010324      0x3e8 ./Debug/uiMenuDefaultMsg.c.o
 .text          0x0201070c      0x710 ./Debug/uiMenuDelCurMsg.c.o
                0x020109a8                audioplayer_file_list_scan2
 .text          0x02010e1c      0x56c ./Debug/uiMenuFormatMsg.c.o
 .text          0x02011388      0x780 ./Debug/uiMenuItemMsg.c.o
                0x02011ae8                menuIsOpen
 .text          0x02011b08      0x398 ./Debug/uiMenuOptionMsg.c.o
 .text          0x02011ea0      0x23c ./Debug/uiNoFileMsg.c.o
 .text          0x020120dc      0x358 ./Debug/uiTips1Msg.c.o
 .text          0x02012434      0x30c ./Debug/uiTipsMsg.c.o
 .text          0x02012740      0x3bc ./Debug/uiWin.c.o
                0x02012740                dialogCB
                0x020128c4                uiParentDealMsg
                0x020128f4                uiOpenWindow
                0x020129dc                uiOpenWinAndShow
                0x02012acc                windowIsOpen
 .text          0x02012afc       0xe0 ./Debug/uiMenuVersionMsg.c.o
 .text          0x02012bdc       0x64 ./Debug/taskMainMenu.c.o
                0x02012bdc                taskMainMenuService
                0x02012bf0                taskMainMenuClose
                0x02012c04                taskMainMenuOpen
 .text          0x02012c40      0xb6c ./Debug/taskMainMenuMsg.c.o
 .text          0x020137ac       0x64 ./Debug/taskGameMenu.c.o
                0x020137ac                taskGameMenuService
                0x020137c0                taskGameMenuClose
                0x020137d4                taskGameMenuOpen
 .text          0x02013810      0xca8 ./Debug/taskGameMenuMsg.c.o
 .text          0x020144b8      0x254 ./Debug/taskAudioPlayer.c.o
                0x020144b8                taskAudioPlayerService
                0x02014504                uni2oem936_init
                0x02014580                uni2oem936_uninit
                0x020145c4                oem2uni936_init
                0x02014640                taskAudioPlayerOpen
                0x0201469c                oem2uni936_uninit
                0x020146e0                taskAudioPlayerClose
 .text          0x0201470c     0x1498 ./Debug/taskAudioPlayerMsg.c.o
 .text          0x02015ba4     0x2438 ./Debug/game_block.c.o
                0x02015ba4                game_cnt_down
                0x02015bd4                game_cnt_reinit
                0x02015bf4                game_cnt_over
                0x02015c24                game_cnt_clear
                0x02015c50                effect_rand_get
                0x02015cd8                power_up_rand_list_init
                0x02015d78                block_cnt_init
                0x02015ddc                rand_get
                0x02015e6c                level_back_index_get
                0x02015e90                block_map_init
                0x02015ef0                move_icon_universal_draw
                0x02015f60                game_frame_buff_show_get
                0x02015f80                block_icon_draw
                0x02016014                block_src_init_and_draw
                0x020160d4                block_map_draw
                0x0201617c                game_boundary_init
                0x020161c0                game_block_level_init
                0x020161fc                life_icon_draw
                0x02016308                right_score_draw
                0x0201643c                ball_icon_draw
                0x020164d4                board_icon_draw
                0x0201651c                power_up_item_icon_draw
                0x020165dc                DrawMap_block
                0x02016624                power_up_item_init
                0x0201671c                power_up_item_destroy
                0x02016788                ball_init
                0x0201686c                ball_item_destroy
                0x020168d8                copy_ball_action
                0x02016954                ball_and_board_init
                0x020169f4                board_and_ball_flash_init
                0x02016a2c                move_rule
                0x02016b20                game_boundary_hit_check
                0x02016bcc                universal_hit_action
                0x02016c00                universal_hit_check
                0x02016f00                board_hit_check
                0x02016fe0                block_hit_check
                0x0201715c                clear_block_effect
                0x020172c0                board_move
                0x02017378                ball_move
                0x0201743c                ball_fire_power_up
                0x020174a4                ball_multi_power_up
                0x02017530                power_up_item_move
                0x02017624                power_up_move
                0x020176a4                move
                0x02017760                pass_check
                0x020177bc                game_block_init
                0x02017810                block_free_buf
                0x0201786c                game_block_exit
                0x020178c0                flash_reinit
                0x0201797c                flash_init
                0x020179c4                block_breaker_going_key_response
                0x02017a7c                game_block_start
                0x02017b40                block_breaker_going
                0x02017c78                block_breaker_level_pass
                0x02017cdc                block_breaker_game_over_show
                0x02017d50                block_breaker_game_pause
                0x02017e84                game_block_key_active
                0x02017ef4                game_block_entry
 .text          0x02017fdc      0xe0c ./Debug/game_snake.c.o
                0x02017fdc                snake_get_buf
                0x02018050                snake_put_buf
                0x020180a8                snake_init
                0x02018154                rand_next
                0x02018208                createFood
                0x020182ec                creatMap
                0x02018340                biteSelf
                0x02018398                chet_endGamestatus
                0x02018428                detore_snake
                0x0201847c                snakeOSDDisplayBufGet
                0x020184c8                snake_I80
                0x020185c0                snakeOSDDisplay
                0x02018620                snake_frame_icon_draw
                0x0201872c                get_malloc
                0x02018754                show_icon_rect
                0x0201885c                show_all
                0x02018994                snakeMove
                0x02018ba8                key_read
                0x02018c48                snake_main_init
                0x02018cf0                game_snake_entry
 .text          0x02018de8      0x744 ./Debug/game_sokoban.c.o
                0x02018de8                Move
                0x02018f44                resultCheck
                0x02018fdc                map_init
                0x02019020                get_map_size
                0x02019038                man_init
                0x020190a8                DataRead_CMode
                0x0201911c                TXZ_show_icon_rect
                0x02019230                TXZ_show_one_rect
                0x0201925c                DrawMap
                0x020192d4                TXZ_show_all
                0x0201930c                get_game_map
                0x020193d4                sokoban_init
                0x02019430                game_sokoban_entry
 .text          0x0201952c      0xfe4 ./Debug/game_tetris.c.o
                0x0201952c                insertTetris
                0x020195d4                checkCollision_L
                0x0201960c                checkCollision_R
                0x02019640                checkCollision
                0x020196e0                show_one_diamonds
                0x02019768                printScore
                0x02019938                printNextTetris
                0x020199cc                giveTetris
                0x02019aac                removeTetris
                0x02019b64                printCurrentTetris
                0x02019c84                setPoolColor
                0x02019d38                rotateTetris
                0x02019ddc                checkErasing
                0x02019f6c                printTetrisPool
                0x0201a03c                moveDownTetris
                0x0201a0ec                horzMoveTetris
                0x0201a190                keydownControl
                0x0201a258                endgame
                0x0201a274                restartGame
                0x0201a314                game_tetris_init
                0x0201a3a8                game_tetris_exit
                0x0201a3ec                game_tetris_entry
 .text          0x0201a510     0x1b94 ./Debug/taskGame.c.o
                0x0201a510                taskGameClose
                0x0201a654                gameInit
                0x0201a700                gameGetKeyADCValue
                0x0201a788                game_key_judge
                0x0201a818                fps_count_reset
                0x0201a844                rand_int
                0x0201a8b0                get_game_base_buf
                0x0201a8d0                get_game_show_buf
                0x0201a9ac                get_bin_data
                0x0201aa30                frame_icon_draw
                0x0201abc4                game_OSD_str_draw
                0x0201b234                game_tips
                0x0201b818                game_over
                0x0201b910                gameExit
                0x0201b994                taskGameService
                0x0201ba0c                game_bk_draw
                0x0201bab8                frame_buff_display
                0x0201bb30                free_buf
                0x0201bb58                game_audio_init
                0x0201bcdc                taskGameOpen
                0x0201bd18                game_audio_play
                0x0201beb4                game_key_event
                0x0201bf80                gameTickGenerator
 .text          0x0201c0a4      0x5ac ./Debug/game_maze.c.o
                0x0201c0a4                Move_maze
                0x0201c264                resultCheck_maze
                0x0201c2c0                maze_map_set
                0x0201c300                get_map_maze_size
                0x0201c318                man_maze_init
                0x0201c348                maze_show_one_rect
                0x0201c40c                maze_DrawMap
                0x0201c484                maze_show_all
                0x0201c4bc                maze_map_init
                0x0201c504                maze_keypress
                0x0201c558                maze_init
                0x0201c5a0                game_maze_entry
 .text          0x0201c650       0xc4 ./Debug/taskSettingMenu.c.o
                0x0201c650                taskSettingMenuService
                0x0201c664                taskSettingMenuClose
                0x0201c6a0                taskSettingMenuOpen
 .text          0x0201c714      0x100 ./Debug/taskApp.c.o
                0x0201c79c                taskAppOpen
                0x0201c7d4                taskAppService
                0x0201c7f4                taskAppClose
 .text          0x0201c814      0x718 ./Debug/taskAppMsg.c.o
 .text          0x0201cf2c        0x0 ./Debug/taskAppRes.c.o
 .text          0x0201cf2c        0x0 ./Debug/xos_x_cpu.c.o
 .text          0x0201cf2c      0x1b0 ./Debug/xos_xmbox.c.o
                0x0201cf2c                XMboxInit
                0x0201cf6c                XMboxCreate
                0x0201cff4                XMboxDestory
                0x0201d02c                XMboxPost
                0x0201d080                XMboxPend
 .text          0x0201d0dc      0x2e4 ./Debug/xos_xmsgq.c.o
                0x0201d0dc                XMsgQInit
                0x0201d11c                XMsgQCreate
                0x0201d1ac                XMsgQDestory
                0x0201d1e4                XMsgQFlush
                0x0201d224                XMsgQPost
                0x0201d29c                XMsgQPostFront
                0x0201d318                XMsgQPend
                0x0201d3a8                XMsgQCheck
 .text          0x0201d3c0      0x12c ./Debug/xos_xos.c.o
                0x0201d3c0                XOSInit
                0x0201d400                XOSTickService
                0x0201d470                XOSTimeGet
                0x0201d490                XOSTimeDly
                0x0201d4cc                XOSRandom
 .text          0x0201d4ec      0x168 ./Debug/xos_xwork.c.o
                0x0201d4ec                XWorkInit
                0x0201d52c                XWorkCreate
                0x0201d5b8                XWorkDestory
                0x0201d5e8                XWorkService
 .text          0x0201d654      0x9dc ./Debug/multimedia_user_media.c.o
                0x0201d654                jpg_decode_buf
                0x0201d6f8                jpg_buf_decode_buf
                0x0201d79c                yuv_rgb_table
                0x0201d7b0                bmp24_to_yuv420_buf
                0x0201dbbc                yuv420_draw_buf
                0x0201dda4                yuv420_pencil_sketch
                0x0201ddb8                yuv420_software_set_handle_frame
                0x0201ddd8                yuv420_software_get_handle_frame
                0x0201ddf8                yuv420_effect_handle
 .text          0x0201e030     0x192c ./Debug/multimedia_user_effect.c.o
                0x0201e030                warpHandle
                0x0201e1dc                trilateral_16_window
                0x0201e520                stream_10_window
                0x0201e954                rismatic_multiwindow
                0x0201f030                hexagon_multiwindow
 .text          0x0201f95c      0x168 ./Debug/sUI_dialog.c.o
                0x0201f95c                dialogCreate
                0x0201fa0c                dialogItem
 .text          0x0201fac4      0x22c ./Debug/sUI_frameWin.c.o
                0x0201fc1c                frameWinCreate
                0x0201fc80                frameWinCreateIndirect
 .text          0x0201fcf0      0x2b0 ./Debug/sUI_imageIcon.c.o
                0x0201fe78                imageIconCreate
                0x0201ff24                imageIconCreateIndirect
 .text          0x0201ffa0     0x191c ./Debug/sUI_itemManage.c.o
                0x0201ffa0                itemManageCreate
                0x02020024                itemManageCreateIndirect
                0x02020098                itemManageSetItemHeight
                0x0202021c                itemManageSetItemRowSumGap
                0x02020324                itemManageSetHeightAvgGap
                0x02020498                itemManageSetRowSum
                0x020205cc                itemManageSetColumnSum
                0x0202071c                itemManageSetColumnSumWithGap
                0x02020898                itemManageSetColumnMargin
                0x020209c8                itemManageCreateItem
                0x02020b64                itemManageSetResInforFuncEx
                0x02020bbc                itemManageSetCurItem
                0x02020eb8                itemManageUpdateRes
                0x02020f70                itemManageUpdateAllitem
                0x02020fd4                itemManageUpdateCurItem
                0x02021178                itemManageNextItem
                0x020211e8                itemManagePreItem
                0x02021258                itemManageNextPage
                0x020212dc                itemManagePrePage
                0x02021364                itemManageGetCurrentItem
                0x020213c8                itemManageSetCharInfor
                0x02021480                itemManageSetSelectColor
                0x0202151c                itemManageSetSelectImage
                0x020215bc                itemManageSetUnselectColor
                0x02021658                itemManageSetUnselectImage
                0x020216f8                itemManageGetTouchInfor
 .text          0x020218bc      0x3d0 ./Debug/sUI_menuItem.c.o
                0x02021aec                menuItemCreate
                0x02021b94                itemCreateMenuItem
 .text          0x02021c8c      0x360 ./Debug/sUI_menuOption.c.o
                0x02021e80                menuOptionCreate
                0x02021f24                itemCreatemenuOption
 .text          0x02021fec      0x274 ./Debug/sUI_progressBar.c.o
                0x02022164                progressBarCreate
                0x020221e8                progressBarCreateIndirect
 .text          0x02022260      0x234 ./Debug/sUI_rect.c.o
                0x0202239c                rectCreate
                0x02022420                rectCreateIndirect
 .text          0x02022494      0x3b4 ./Debug/sUI_stringIcon.c.o
                0x020226d8                stringIconCreate
                0x02022794                stringIconCreateIndirect
 .text          0x02022848      0x26c ./Debug/sUI_uiAlloc.c.o
                0x02022848                uiHeapInit
                0x02022880                uiAlloc
                0x02022978                uiFree
                0x02022a78                uiHeapInfor
                0x02022aa0                heapAllocTest
 .text          0x02022ab4      0x11c ./Debug/sUI_widget.c.o
                0x02022ab4                widgetProc
                0x02022b00                widgetSetType
                0x02022b30                widgetGetType
                0x02022b64                widgetGetId
                0x02022b9c                widgetSetId
 .text          0x02022bd0     0x1b48 ./Debug/sUI_winManage.c.o
                0x02022bd0                winErrShow
                0x02022c1c                winSendMsg
                0x02022c5c                winSendMsgNoData
                0x02022c84                winSendMsgToParent
                0x02022cb4                winSendMsgToParentNoData
                0x02022cdc                winOverlapping
                0x02022d40                winContain
                0x02022da4                winHasInvalidRect
                0x02022e38                winFreeInvalidRect
                0x02023134                winCreate
                0x02023540                winDestroy
                0x020236ac                winGetTouchInfor
                0x020236dc                winTouch
                0x020238fc                winSetbgColor
                0x02023930                winSetfgColor
                0x02023964                winSetVisible
                0x020239e8                winIsVisible
                0x02023a24                winSetResid
                0x02023a54                winSetItemSelResid
                0x02023a84                winSetStrInfor
                0x02023ad4                resInforInit
                0x02023b20                winSetSelectInfor
                0x02023b50                winSetUnselectInfor
                0x02023b80                winChangeNotify
                0x02023be8                winDefaultProc
                0x02023fc4                winResize
                0x02024154                winGetRelativePos
                0x020241e4                winGetPos
                0x02024228                winUpdate
                0x02024298                winSetPorgressRate
                0x020242c8                winGetCurrent
                0x020242e8                winPaint
                0x020243f4                winSetName
                0x02024414                winIntersection
                0x020244c8                winUpdateAllResId
                0x0202452c                winDestroyDeskTopChildWin
                0x020245a0                winInit
                0x0202468c                winUninit
 .text          0x02024718      0x174 ./Debug/sUI_memPool.c.o
                0x02024718                mempCreate
                0x02024780                mempGet
                0x020247d8                mempPut
                0x02024814                mempInfor
 .text          0x0202488c      0x434 ./Debug/sUI_widgetManage.c.o
                0x02024ad8                widgetManageCreate
                0x02024b5c                widgetManageCreateIndirect
                0x02024bcc                widgetManageUpdateAll
                0x02024bf0                widgetManageUpdateCur
                0x02024c14                widgetManageNext
                0x02024c38                widgetManagePre
                0x02024c5c                widgetManageSelect
                0x02024c90                widgetManageCurId
 .text          0x02024cc0      0x560 ./Debug/sUI_menuItemEx.c.o
                0x02024fe8                menuItemExCreate
                0x02025098                itemCreateMenuItemEx
 .text          0x02025220      0x3cc ./Debug/src_ax32xx_int.c.o
                0x02025220                ax32xx_intHandler
                0x02025234                fast_isr
                0x0202531c                slow_isr
                0x02025418                ax32xx_intEnable
                0x02025460                ax32xx_int_priority
                0x020254a8                ax32xx_intInit
 .text          0x020255ec      0x9bc ./Debug/src_ax32xx_sys.c.o
                0x020255ec                ax32xx_sysCpuMsDelay
                0x02025628                ax32xx_sysCpuNopDelay
                0x02025650                ax32xx_sysDcacheInit
                0x02025694                ax32xx_sysIcacheInit
                0x020256d8                ax32xx_sysDcacheWback
                0x02025754                ax32xx_sysDcacheFlush
                0x020257d0                ax32xx_sysDcacheInvalid
                0x0202584c                ax32xx_sysSRAMClear
                0x020258a0                ax32xx_sysBSSClear
                0x02025904                ax32xx_sysLDOSet
                0x02025a3c                ax32xx_sysClkSet
                0x02025a98                ax32xx_sysReset
                0x02025ad8                ax32xx_sys_dma_memdown
                0x02025b3c                ax32xx_sys_dma_memkick
                0x02025c00                ax32xx_mcpy_gram2ufifo
                0x02025c60                ax32xx_mcpy1_sdram2gram
                0x02025d04                ax32xx_mcpy1_sdram2gram_2
                0x02025d64                ax32xx_sysInit
                0x02025ee8                ax32xx_sysUninit
 .text          0x02025fa8      0x298 ./Debug/src_ax32xx_dma.c.o
                0x02025fa8                ax32xx_dmaNocCfg
                0x020261d0                ax32xx_dmaNocDefault
                0x020261f8                ax32xx_dmaChannelEnable
 .text          0x02026240       0x80 ./Debug/src_ax32xx_wdt.c.o
                0x02026240                ax32xx_wdtEnable
                0x0202625c                ax32xx_wdtTimeSet
                0x02026270                ax32xx_wdtClear
                0x020262a4                ax32xx_wdtReset
 .text          0x020262c0      0xb08 ./Debug/src_ax32xx_gpio.c.o
                0x020262c0                ax32xx_gpioSFRSet
                0x02026504                ax32xx_gpioDirSet
                0x020265a8                ax32xx_gpioPullSet
                0x02026674                ax32xx_gpioDrvSet
                0x02026704                ax32xx_gpioDataSet
                0x02026790                ax32xx_gpioDataGrounpSet
                0x0202680c                ax32xx_gpioDataGet
                0x02026890                ax32xx_gpioMapSet
                0x02026920                ax32xx_gpioDigitalSet
                0x020269b0                ax32xx_gpioHystersisSet
                0x02026a40                ax32xx_gpioLedPull
                0x02026b0c                ax32xx_gpioLedInit
                0x02026b9c                ax32xx_gpioINTCheck
                0x02026bd4                ax32xx_gpioINTClear
                0x02026bfc                ax32xx_gpioINTInit
                0x02026d2c                ax32xx_gpioIRQHandler
 .text          0x02026dc8      0x348 ./Debug/src_ax32xx_uart.c.o
                0x02026dc8                ax32xx_uart0IRQHandler
                0x02026e18                ax32xx_uart0IOCfg
                0x02026eac                ax32xx_uart0Init
                0x02026f3c                ax32xx_uart0SendByte
                0x02026f7c                ax32xx_uart1IRQHandler
                0x02026fd8                ax32xx_uart1IOCfg
                0x0202706c                ax32xx_uart1Init
                0x020270e0                ax32xx_uart1SendByte
 .text          0x02027110      0xab8 ./Debug/src_ax32xx_timer.c.o
                0x02027110                ax32xx_timer0IRQHandler
                0x02027154                ax32xx_timer1IRQHandler
                0x02027198                ax32xx_timer2IRQHandler
                0x020271dc                ax32xx_timer3IRQHandler
                0x02027220                ax32xx_timerISRRegister
                0x02027264                ax32xx_timerStart
                0x02027360                ax32xx_timerStop
                0x02027430                ax32xx_timerEnable
                0x020274bc                ax32xx_timerDisable
                0x02027560                ax32xx_timerTickStart
                0x02027594                ax32xx_timer3TickStart
                0x020275c8                ax32xx_timerTickStop
                0x020275e8                ax32xx_timer3TickStop
                0x02027608                ax32xx_timerTickCount
                0x02027624                ax32xx_timer3TickCount
                0x02027640                ax32xx_printTimerStart
                0x02027708                ax32xx_timerPWMStart
                0x02027b44                ax32xx_timerPWMStop
 .text          0x02027bc8      0x53c ./Debug/src_ax32xx_tminf.c.o
                0x02027bc8                ax32xx_mjpegATimeinfoEnable
                0x02027c84                ax32xx_mjpegBTimeinfoEnable
                0x02027d10                ax32xx_mjpegATimeinfoColor
                0x02027d5c                ax32xx_mjpegBTimeinfoColor
                0x02027db8                ax32xx_mjpegATimeinfoSize
                0x02027e2c                ax32xx_mjpegBTimeinfoSize
                0x02027ec0                ax32xx_mjpegATimeinfoPos
                0x02027f34                ax32xx_mjpegBTimeinfoPos
                0x02027fc8                ax32xx_mjpegATimeinfoAddr
                0x0202801c                ax32xx_mjpegBTimeinfoAddr
                0x02028098                ax32xx_recfg_mjpb_tminf
 .text          0x02028104      0x7f4 ./Debug/src_ax32xx_spi.c.o
                0x02028104                ax32xx_spi0Init
                0x02028324                ax32xx_spi0SendByte
                0x02028378                ax32xx_spi0RecvByte
                0x020283cc                ax32xx_spi0Send0
                0x02028484                ax32xx_spi0Recv0
                0x0202853c                ax32xx_spi0CS0Config
                0x02028580                spi1_pin_config
                0x02028650                hal_spi1Init
                0x020286c8                spi1_send_byte
                0x02028738                spi1_receive_byte
                0x02028780                spi1_recevie_dma
                0x02028818                spi1_send_dma
                0x020288b4                spi1_enable
 .text          0x020288f8      0xd20 ./Debug/src_ax32xx_rtc.c.o
                0x020288f8                ax32xx_rtcWriteByte
                0x02028948                ax32xx_rtcReadByte
                0x020289ac                ax32xx_rtcRamRead
                0x02028a48                ax32xx_rtcRamWrite
                0x02028ae4                ax32xx_rtcDataRead
                0x02028b6c                ax32xx_rtcDataWrite
                0x02028bf4                ax32xx_rtcInit
                0x02028dcc                ax32xx_rtcIRQHandler
                0x02028e84                ax32xx_rtcSencodEnable
                0x02028f00                ax32xx_rtcAlamEnable
                0x02028fe8                ax32xx_rtcAlamSet
                0x02029030                ax32xx_rtcGet
                0x02029084                ax32xx_rtcSet
                0x020290cc                ax32xx_WKOEnable
                0x02029128                ax32xx_VDDGSENEnable
                0x02029198                ax32xx_WKI0InputEnable
                0x02029208                ax32xx_WKI1InputEnable
                0x02029278                ax32xx_WKI1Read
                0x0202929c                ax32xx_WKI0Read
                0x020292c0                ax32xx_WKI0OutputEnable
                0x02029344                ax32xx_WKI1WakeupEnable
                0x020294ac                ax32xx_WKI1WakeupTriger
                0x020294fc                ax32xx_WKI1CleanPending
                0x02029538                ax32xx_rtcBatDecEnable
                0x020295a8                ax32xx_rtcSenHVEnable
 .text          0x02029618      0x8f0 ./Debug/src_ax32xx_iic.c.o
                0x020296d0                software_iic_sdaout
                0x02029704                software_iic_sdain
                0x02029738                software_iic_sda_set
                0x02029764                software_iic_scl_set
                0x02029790                software_iic_sda_get
                0x020297b8                software_iic_init
                0x020297e8                software_iic_start
                0x02029860                software_iic_stop
                0x020298d8                software_iic_wait_ack
                0x02029990                ax32xx_iic0Init
                0x02029a50                ax32xx_iic0Uninit
                0x02029ae4                ax32xx_iic0Start
                0x02029b00                ax32xx_iic0Stop
                0x02029b40                ax32xx_iic0RecvACK
                0x02029b68                ax32xx_iic0SendACK
                0x02029b8c                ax32xx_iic0SendByte
                0x02029bdc                ax32xx_iic0RecvByte
                0x02029c30                ax32xx_iic1Init
                0x02029cf0                ax32xx_iic1Uninit
                0x02029d54                ax32xx_iic1Start
                0x02029d70                ax32xx_iic1Stop
                0x02029dd0                ax32xx_iic1RecvACK
                0x02029df8                ax32xx_iic1SendACK
                0x02029e1c                ax32xx_iic1SendByte
                0x02029e8c                ax32xx_iic1RecvByte
 .text          0x02029f08      0x66c ./Debug/src_ax32xx_dac.c.o
                0x02029f48                ax32xx_dacIRQHandler
                0x0202a01c                ax32xx_dacSampleRateSet
                0x0202a08c                ax32xx_dacEnable
                0x0202a110                ax32xx_dacVolumeSet
                0x0202a188                ax32xx_dacBufferSet
                0x0202a1a8                ax32xx_dacBufferFlush
                0x0202a1c8                ax32xx_dacReset
                0x0202a1ec                ax32xx_dacStart
                0x0202a268                ax32xx_dacStop
                0x0202a298                ax32xx_dacISRRegister
                0x0202a2b8                ax32xx_dacHPSet
                0x0202a34c                eq_coeff_init
                0x0202a3bc                eq_gain_init
                0x0202a42c                ax32xx_dacInit
 .text          0x0202a574      0x154 ./Debug/src_ax32xx_adc.c.o
                0x0202a574                ax32xx_adcEnable
                0x0202a5dc                ax32xx_adcSetBaudrate
                0x0202a60c                ax32xx_adcConverStart
                0x0202a630                ax32xx_adcRead
                0x0202a688                ax32xx_adcRead2
 .text          0x0202a6c8      0x4d0 ./Debug/src_ax32xx_auadc.c.o
                0x0202a6c8                ax32xx_auadcIRQHandler
                0x0202a758                ax32xx_auadcHalfIRQRegister
                0x0202a778                ax32xx_auadcEndIRQRegister
                0x0202a798                ax32xx_auadcEnable
                0x0202a890                ax32xx_auadcAGCEnable
                0x0202a920                ax32xx_auadcGainSet
                0x0202a99c                ax32xx_auadcBufferSet
                0x0202a9fc                ax32xx_auadcInit
                0x0202aaa0                ax32xx_auadcSetSampleSet
                0x0202ab84                agc_gain_mnt
 .text          0x0202ab98       0x3c ./Debug/src_ax32xx_isp.c.o
                0x0202ab98                ax32xx_ispModeSet
 .text          0x0202abd4      0x298 ./Debug/src_jpeg_table.c.o
                0x0202abd4                jpegA_table_init
                0x0202ad50                ax32xx_mjpB_tab_init
 .text          0x0202ae6c      0xd70 ./Debug/src_ax32xx_usb.c.o
                0x0202ae6c                _usb_bulk_tx
                0x0202afa8                _usb_bulk_rx
                0x0202b0b4                _usb_iso_kick
                0x0202b1a4                _iso_wait_txdown
                0x0202b214                usb_iso_tx
                0x0202b314                usb_burst_reset
                0x0202b360                usb_host_reset
                0x0202b3ac                usb_phyreset_as_typeb
                0x0202b4f4                usb_phyreset_as_typea
                0x0202b640                usb_insert
                0x0202b654                usb_check_hal
                0x0202b668                get_u32softcnt
                0x0202b688                ax32xx_usbIRQHanlder
                0x0202b77c                ax32xx_usbCallbackRegister
                0x0202b7b8                ax32xx_usb_hostIRQHanlder
                0x0202b7cc                usb_device_check
                0x0202b894                ax32xx_usbPhyPllEnable
                0x0202b93c                usb11_registers_write
                0x0202b968                usb11_registers_read
                0x0202b9a0                usb_memcpy
                0x0202ba14                usb_phyreset_as_typea11
                0x0202ba28                usb11_host_reset
                0x0202ba3c                ax32xx_usb11_hostIRQHanlder
                0x0202ba50                usb20_host_check
                0x0202bb18                usb11HostCheckNoWait
                0x0202bb30                usb11_host_check
                0x0202bb48                usb20_phyreset_as_filter
 .text          0x0202bbdc      0x210 ./Debug/src_ax32xx_misc.c.o
                0x0202bbdc                str_seek
                0x0202bc48                dec_num2str
                0x0202bc88                char_2_hex
                0x0202bcdc                data_check
                0x0202bd1c                pointer_check
                0x0202bd40                half_word_memcpy
                0x0202bd78                word_memcpy
                0x0202bdb0                word_reg_memcpy
 .text          0x0202bdec      0x14c ./Debug/src_ax32xx_pip.c.o
                0x0202bdec                ax32xx_pipConfig
                0x0202be68                ax32xx_pipEnable
                0x0202beac                ax32xx_pipCounterReset
                0x0202beec                ax32xx_pipGetTopLayer
                0x0202bf10                ax32xx_pipGetBotLayer
 .text          0x0202bf38        0x0 ./Debug/src_ax32xx_btuart.c.o
 .text          0x0202bf38        0x0 ./Debug/src_ax32xx_crc.c.o
 .text          0x0202bf38      0x26c ./Debug/src_ax32xx_emi.c.o
                0x0202bf38                ax32xx_emiInit
                0x0202c074                ax32xx_emiISRRegister
                0x0202c0a8                ax32xx_emiIRQHandler
                0x0202c104                ax32xx_emiKick
                0x0202c160                ax32xx_emiCheckBusy
                0x0202c180                ax32xx_emiCheckRXError
 .text          0x0202c1a4      0x278 ./Debug/src_ax32xx_rotate.c.o
                0x0202c1a4                ax32xx_rotateISRRegiser
                0x0202c1c4                ax32xx_rotateCheckBusy
                0x0202c1e4                ax32xx_rotateReset
                0x0202c230                ax32xx_rotateStart
                0x0202c348                ax32xx_rotateWaitFrameDone
                0x0202c39c                ax32xx_rotateIRQHandler
                0x0202c3ec                ax32xx_rotateGetSrcYAddr
 .text          0x0202c41c      0x370 ./Debug/src_ax32xx_osdcmp.c.o
                0x0202c41c                ax32xx_osdcmpISRRegiser
                0x0202c43c                ax32xx_osdcmpCheckBusy
                0x0202c460                ax32xx_osdcmpReset
                0x0202c4ac                ax32xx_osdcmpGetCompSize
                0x0202c4cc                ax32xx_osdcmpKick
                0x0202c5a0                ax32xx_osdcmpWaitFrameDone
                0x0202c638                ax32xx_osdcmpCompOneFrame
                0x0202c740                ax32xx_osdcmpIRQHandler
 .text          0x0202c78c      0xd68 ./Debug/osd_ax32xx_osd.c.o
                0x0202c78c                ax32xx_deWait
                0x0202c7e8                ax32xx_deUpdate
                0x0202c80c                ax32xx_deGetUpdateStatus
                0x0202c830                ax32xx_deIRQHandler
                0x0202c890                ax32xx_deISRRegister
                0x0202c8b0                ax32xx_deInit
                0x0202c92c                ax32xx_deSetBackground
                0x0202c960                ax32xx_deSetCSC
                0x0202c9ac                ax32xx_videoSetDither
                0x0202ca4c                ax32xx_videoSetScale
                0x0202ca98                ax32xx_videoSetScaleLine
                0x0202cb08                ax32xx_videoSetScanMode
                0x0202cb54                ax32xx_videoGetYAddr
                0x0202cb84                ax32xx_videoGetUVAddr
                0x0202cbb4                ax32xx_videoSetAddr
                0x0202cbd0                ax32xx_videoSetStride
                0x0202cbf4                ax32xx_videoSetSize
                0x0202cc2c                ax32xx_videoSetPosition
                0x0202cc54                ax32xx_videoCopyCfg
                0x0202ccbc                ax32xx_videoEnable
                0x0202cd00                ax32xx_degamma_cfg
                0x0202cd20                ax32xx_videoGammaRed
                0x0202cd64                ax32xx_videoGammaGreen
                0x0202cda8                ax32xx_videoGammaBlue
                0x0202cdec                ax32xx_deSetGAMA
                0x0202ce70                ax32xx_deSet_DE_CCM
                0x0202cf58                ax32xx_deSet_DE_SAJ
                0x0202cfc4                ax32xx_videoGammaEnable
                0x0202d008                ax32xx_osdEnable
                0x0202d074                ax32xx_osdSetSize
                0x0202d0c8                ax32xx_osdSetPosition
                0x0202d11c                ax32xx_osdSetPalette
                0x0202d164                ax32xx_osdSetAddr
                0x0202d220                ax32xx_osdGetAddr
                0x0202d270                ax32xx_osdSetAlpha
                0x0202d2dc                ax32xx_osdSetUpscaler
                0x0202d4a4                ax32xx_osdEncodeOneCode
 .text          0x0202d4f4      0xf58 ./Debug/csi_ax32xx_csi.c.o
                0x0202d4f4                hal_csi_fcnt_get
                0x0202d524                ax32xx_csiIRQHandler
                0x0202d6fc                ax32xx_csiISRRegiser
                0x0202d738                ax32xx_csiMJPEGFrameSet
                0x0202d7a8                ax32xx_csiMjpegFrameSwitch
                0x0202d7c4                ax32xx_csihv_tomjpg_Switch
                0x0202d7e0                ax32xx_csihv_tomjp_dma_cfg
                0x0202d86c                ax32xx_csi_only_FrameSet
                0x0202d88c                ax32xx_csiYUVFrameSet
                0x0202d8a0                ax32xx_csiIOConfig
                0x0202d8f8                ax32xx_csiInit
                0x0202d924                ax32xx_csiMclkSet
                0x0202d9e8                ax32xx_csi_set_mclk_free
                0x0202da30                ax32xx_csiSyncSet
                0x0202da94                ax32xx_csiPrioritySet
                0x0202dad8                ax32xx_csiTypeSet
                0x0202db44                ax32xx_csiModeSet
                0x0202db80                ax32xx_pclk_fir_Set
                0x0202dbe8                ax32xx_pclk_analog_Set
                0x0202dc38                ax32xx_pclk_inv_Set
                0x0202dc7c                ax32xx_csi_clk_tun_Set
                0x0202dcc4                ax32xx_csiSizeSet
                0x0202dcfc                ax32xx_csiInputAddrSet
                0x0202dd14                ax32xx_csiTestModeSet
                0x0202dd7c                ax32xx_csiDvpClkDivSet
                0x0202ddc4                ax32xx_csiLCDFrameSet
                0x0202ddf0                ax32xx_csiLCDDmaEnable
                0x0202de8c                ax32xx_csiLCDDmaKick
                0x0202ded0                ax32xx_csiLCDScaler
                0x0202e0a4                ax32xx_csiScaler
                0x0202e224                ax32xx_hvScaler
                0x0202e358                ax32xx_csiScalerCheck
                0x0202e380                ax32xx_csiOutputSet
                0x0202e3bc                ax32xx_csiEnable
 .text          0x0202e44c      0xd70 ./Debug/lcd_ax32xx_lcd.c.o
                0x0202e44c                ax32xx_lcdSPIMode
                0x0202e478                ax32xx_lcdSPIInit
                0x0202e528                ax32xx_lcdSPIUninit
                0x0202e564                ax32xx_lcdSPISendData
                0x0202e6d8                ax32xx_lcdMcuSendCmd
                0x0202e73c                ax32xx_lcdMcuSendData
                0x0202e790                ax32xx_lcdMcuSendCmd16
                0x0202e814                ax32xx_lcdMcuSendData16
                0x0202e898                ax32xx_lcdInit
                0x0202e8e4                ax32xx_lcdIRQEnable
                0x0202e92c                ax32xx_lcdPreLineSet
                0x0202e948                ax32xx_lcdSignalSet
                0x0202e9e0                ax32xx_lcdBusWidth
                0x0202ea34                ax32xx_lcdBusEnable
                0x0202ea84                ax32xx_lcdClkSet
                0x0202eaa4                ax32xx_lcdSyncSet
                0x0202eac8                ax32xx_lcdDESignalSet
                0x0202eaec                ax32xx_lcdPositionSet
                0x0202eb08                ax32xx_lcdResolutionSet
                0x0202eb24                ax32xx_lcdWindowSizeSet
                0x0202eb40                ax32xx_lcdDataModeSet
                0x0202eb84                ax32xx_lcdClkNumberSet
                0x0202eb9c                ax32xx_lcdEndLineSet
                0x0202ebb8                ax32xx_lcdPanelMode
                0x0202ec00                ax32xx_lcdEnable
                0x0202ec64                ax32xx_lcdTeMode
                0x0202ecac                ax32xx_lcdKick
                0x0202ece4                ax32xx_lcdIRQHandler
                0x0202ee54                ax32xx_lcdISRRegister
                0x0202ee98                ax32xx_lcdReset
                0x0202ef04                ax32xx_lcdMCUIOConfig
                0x0202efe8                ax32xx_lcdRGBIOConfig
                0x0202f0cc                ax32xx_lcd_lsawbtooth
 .text          0x0202f1bc     0x1f20 ./Debug/mjpeg_ax32xx_mjpeg.c.o
                0x0202f1bc                ax32xx_mpegPrint
                0x0202f638                ax32xx_mjpB_reset
                0x0202f6a4                ax32xx_mjpegAIRQHandler
                0x0202f6f8                ax32xx_mjpeg_encode_check
                0x0202f860                ax32xx_mjpB_employ
                0x0202f88c                ax32xx_mjpB_dcdown_reg
                0x0202f8ac                ax32xx_mjB_as_dcode
                0x0202f8d8                ax32xx_mjpegEA_ncodeISRRegister
                0x0202f8f8                ax32xx_mjpegEB_ncodeISRRegister
                0x0202f918                ax32xx_mjpegEA_ncodeISR
                0x0202f944                ax32xx_mjpegDecodeISRRegister
                0x0202f964                ax32xx_mjpegEncodeBufferSet
                0x0202f9b0                ax32xx_mjpegEncodeEnable
                0x0202faa0                ax32xx_mjpegEncode_wifi_Enable
                0x0202fb90                ax32xx_mjpegEncodeSizeSet
                0x0202fc38                ax32xx_mjpegEncodeQuilitySet
                0x0202fc80                cal_jA_1s_size
                0x0202fcb0                ax32xx_mjpegEncodeQadj
                0x0202fd94                ax32xx_mjpegEncodeInfoSet
                0x0202fddc                ax32xx_mjpegEncodeLoadAddrGet
                0x0202fdf8                ax32xx_mjpeg_inlinebuf_init
                0x0202fe14                ax32xx_mjpegEncodeInit
                0x0203004c                ax32xx_mjpeg_manual_on
                0x02030094                ax32xx_mjpeg_manual_stop
                0x020300b8                ax32xx_mjpegDecodeScalerCal
                0x02030188                ax32xx_mjpegDecodeSetSize
                0x020303ac                ax32xx_mjpegDecodeOutputSet
                0x020303c8                ax32xx_mjpegDecodeInputSet
                0x02030400                ax32xx_mjpegDecodeDriSet
                0x02030418                ax32xx_mjpegDecodeCompressSet
                0x02030430                ax32xx_mjpegDecodeInitTable
                0x02030488                ax32xx_mjpegDecodeInit
                0x0203068c                ax32xx_mjpegDecodeDCTimeSet
                0x0203072c                ax32xx_mjpegDecodeEnable
                0x020307a8                ax32xx_mjpegDecodeKick
                0x02030800                ax32xx_mjpegDecodeStop
                0x0203083c                ax32xx_mjpegBIRQHandler
                0x02030938                ax32xx_mjpegDecodeQDTCfg
                0x02030998                ax32xx_mjpegDecodeStatus
                0x020309cc                ax32xx_mjpegDecodeCheck
                0x020309fc                ax32xx_mjpegDecodeODma1Cfg
                0x02030a90                ax32xx_mjpB_Ctl_init
                0x02030d44                ax32xx_mjpB_Linebuf_cfg
                0x02030d60                ax32xx_mjpB_dma_cfg
                0x02030d8c                ax32xx_mjpB_stop
                0x02030df4                ax32xx_mjpB_on
                0x02030e40                ax32xx_mjpB_stop_2
                0x02030e94                ax32xx_mjpegB_encode_check
                0x02031008                ax32xx_mjpB_on_2
                0x02031040                jpeg1_decode_check
 .text          0x020310dc        0x0 ./Debug/resource_user_icon.c.o
 .text          0x020310dc        0x0 ./Debug/resource_user_str.c.o
 .text          0x020310dc      0x110 ./Debug/src_hal_adc.c.o
                0x020310dc                hal_adcInit
                0x02031118                hal_adcRead
                0x02031144                hal_adcSetChannel
                0x02031190                hal_adcGetChannel
                0x020311cc                hal_adcVDDRTCCalculate
 .text          0x020311ec      0x144 ./Debug/src_hal_csi.c.o
                0x020311ec                hal_csiMCLKSet
                0x0203120c                hal_csiRegister
                0x02031240                hal_csiResolutionGet
                0x0203129c                hal_csiAdptGet
                0x020312bc                hal_csi_SeninitGet
                0x020312dc                hal_csiHalf720P_ResolutionGet
 .text          0x02031330      0x24c ./Debug/src_hal_dac.c.o
                0x02031378                hal_dacInit
                0x020313d0                hal_dacPlayStart
                0x0203147c                hal_dacPlayStop
                0x020314a8                hal_dacSetVolume
                0x0203150c                hal_dacSetBuffer
                0x02031530                hal_dacCallBackRegister
                0x02031554                hal_dacHPSet
 .text          0x0203157c        0x0 ./Debug/src_hal_eeprom.c.o
 .text          0x0203157c      0x24c ./Debug/src_hal_gpio.c.o
                0x0203157c                hal_gpioInit
                0x02031624                hal_gpioInit_io1d1
                0x020316cc                hal_gpioEPullSet
                0x02031728                hal_gpioWrite
                0x02031750                hal_gpioRead
                0x02031774                hal_gpioIntInit
                0x0203179c                hal_gpioLedInit
 .text          0x020317c8      0x64c ./Debug/src_hal_iic.c.o
                0x020317c8                hal_iic0Init
                0x020317f4                hal_iic0Uninit
                0x02031814                hal_iic08bitAddrWriteData
                0x020318b0                hal_iic08bitAddrReadData
                0x02031968                hal_iic08bitAddrWrite
                0x02031a28                hal_iic08bitAddrRead
                0x02031afc                hal_iic016bitAddrWriteData
                0x02031ba4                hal_iic016bitAddrReadData
                0x02031c68                hal_iic016bitAddrWrite
                0x02031d34                hal_iic016bitAddrRead
 .text          0x02031e14     0x1dec ./Debug/src_hal_lcd.c.o
                0x02032184                hal_lcdSetBufYUV
                0x02032218                hal_lcd_vde_cfg
                0x02032250                hal_lcd_gamma_cfg
                0x02032404                usb_lcd_cfg
                0x020326b8                lcd_isp_config
                0x0203287c                hal_lcdsetflip
                0x0203289c                hal_lcdgetflip
                0x020328bc                hal_lcdLCMPowerOff
                0x02032934                hal_lcdPreviewStop
                0x02032980                hal_lcdSetShowingSize
                0x02032998                hal_lcdSetRoate
                0x020329b0                hal_lcdDealBuffer
                0x02032a64                hal_lcdGetShowingBuffer
                0x02032ac8                hal_lcdGetIdleBuffer
                0x02032b08                hal_lcdPreviewStart
                0x02032c4c                hal_lcdSetFrame
                0x02032c74                vch_debug
                0x02032c88                hal_lcdSetVCH
                0x02032d60                hal_lcdUpdataVCH
                0x02032e5c                hal_lcdSwitchFrame2
                0x020330dc                hal_lcdPreSetPIPEnable
                0x020330fc                hal_lcdSetPIPEnable
                0x02033134                hal_lcdGetResolution
                0x020331b8                hal_lcdGetOSDShowingResolution
                0x02033214                hal_lcdGetOSDShowingPosition
                0x02033270                hal_lcdGetShowingRotate
                0x020332a0                hal_lcdGetBufferResolution
                0x020332fc                hal_lcdGetVideoPos
                0x02033358                deocode_done
                0x020333b8                hal_lcd_get_next_frame
                0x02033468                lcd_struct_get
                0x02033488                hal_lcdFrameEndCallBack
                0x020334d4                hal_lcdRegister
                0x02033b7c                hal_lcd_lsawtooth
                0x02033b9c                hal_lcdSetCsiCrop
 .text          0x02033c00      0x884 ./Debug/src_hal_osd.c.o
                0x02033c00                hal_osdSetflag
                0x02033c20                hal_osdGetIdleRotateBuffer
                0x02033c44                hal_osdGetIdleCmpBuffer
                0x02033c68                hal_osdGetIdleDispBuffer
                0x02033c8c                hal_osdBufferRelease
                0x02033cb4                hal_osdDealBuffer
                0x02033d34                hal_osdInit
                0x02034018                hal_osdGetCurBuff
                0x02034074                hal_osdGetFreeBuff
                0x020340d8                hal_osdSetBuff
                0x02034168                hal_osdEnable
                0x02034204                hal_osdSetAddr
                0x02034240                hal_osdSetBuffer
                0x020342d0                hal_osdSetPosition
                0x02034318                hal_osdSetPalette
                0x02034350                hal_osdSetSize
                0x02034390                hal_osdSetAlpha
                0x020343d0                hal_osdGetBufferResolution
                0x02034434                hal_deSet_DE_CCM
                0x0203445c                hal_deSet_DE_SAJ
 .text          0x02034484      0xc70 ./Debug/src_hal_rtc.c.o
                0x020344b0                hal_rtcCallBackRegister
                0x02034510                hal_rtcCallBackRelease
                0x0203454c                hal_rtcUninit
                0x02034588                hal_rtcTimeGet
                0x020345a4                hal_rtcTimeGetExt
                0x020345d8                hal_rtcSecondGet
                0x020345f8                hal_rtcTime2String
                0x020348ac                hal_rtcTime2StringExt
                0x02034910                hal_rtcLeapYear
                0x02034b2c                hal_rtcTime
                0x02034c40                hal_rtcInit
                0x02034d68                hal_rtcSecondSet
                0x02034da4                hal_rtcValue
                0x02034eb4                hal_rtcTimeSet
                0x02034f3c                hal_rtcAlarmSet
                0x02034fcc                hal_rtcAlarmSetExt
                0x02035070                hal_rtcAlarmStatusGet
                0x020350ac                hal_vddWKOEnable
                0x020350d0                hal_vddGSENEnable
 .text          0x020350f4      0xc24 ./Debug/src_hal_sd.c.o
                0x020350f4                hal_ClkSet1
                0x02035198                hal_sdStop
                0x02035464                hal_sdNextLBA
                0x02035484                hal_sdInit
                0x020358e4                hal_sdUninit
                0x02035910                hal_sdLock
                0x02035950                hal_sdUnlock
                0x0203597c                hal_sdCheck
                0x02035b20                hal_sdSetCardState
                0x02035b40                hal_sdGetCardState
                0x02035b60                hal_sdGetBusWidth
                0x02035b80                hal_sdCapacity
                0x02035ba0                hal_sdExist
                0x02035bc8                hal_sdWrite
                0x02035c68                hal_speed_callback
                0x02035c98                hal_sdRead
 .text          0x02035d18      0x5fc ./Debug/src_hal_spi.c.o
                0x02035d18                hal_spiIOShare
                0x02035d30                hal_spiIOCheck
                0x02035d44                hal_spiInit
                0x02035d70                hal_spiSendByte
                0x02035d94                hal_spiSend
                0x02035db4                hal_spiRecvByte
                0x02035dd4                hal_spiRecv
                0x02035e5c                hal_spiCSConfig
                0x02035e80                hal_spiFlashReadID
                0x02035ee0                hal_spiFlashWriteEnable
                0x02035f14                hal_spiFlashWait
                0x02035f98                hal_spiFlashReadPage
                0x02036010                hal_spiFlashRead
                0x020360d8                hal_spiFlashWritePage
                0x0203616c                hal_spiFlashWrite
                0x02036208                hal_spiFlashEraseSector
                0x02036274                hal_spiFlashEraseBlock
                0x020362d8                hal_spiFlashEraseChip
 .text          0x02036314      0x138 ./Debug/src_hal_timer.c.o
                0x02036314                hal_timerStart
                0x02036338                hal_timerStop
                0x0203635c                hal_timerEnable
                0x02036394                hal_timerTickEnable
                0x020363cc                hal_timerTickGet
                0x020363ec                hal_timerPWMStart
                0x02036420                hal_timerPWMStop
 .text          0x0203644c      0x564 ./Debug/src_hal_uart.c.o
                0x020364b0                hal_uartIOShare
                0x020364f0                hal_uartIOShareCheck
                0x02036538                hal_uartSendData
                0x0203655c                hal_uartRXIsrRegister
                0x0203657c                uart_PutChar_n
                0x020365b0                uart_PutStr
                0x020365f0                uart_Put_hex
                0x0203671c                uart_Put_udec
                0x020367b0                uart_Put_dec
                0x02036858                uart_Printf
                0x02036878                hal_uartInit
                0x020368d4                uart_PrintfBuf
                0x0203696c                hal_uartPrintString
 .text          0x020369b0      0x6ac ./Debug/src_hal_watermark.c.o
                0x02036a18                hal_watermarkInit
                0x02036ac8                hal_watermarkClose
                0x02036b60                hal_watermarkClear
                0x02036be0                hal_watermarkOpen
                0x02036c80                hal_watermarkColor
                0x02036cd4                hal_watermarkAddr
                0x02036cec                hal_watermarkSize
                0x02036d38                hal_watermarkPosition
                0x02036da4                hal_watermarkCallbackRegister
                0x02036dec                hal_watermarkRam
                0x02036e8c                hal_watermarkEnable
                0x0203703c                hal_watermarkBPos_Adjust
 .text          0x0203705c      0x3c4 ./Debug/src_hal_sys.c.o
                0x020370a4                hal_sysInit
                0x020371c0                hal_sysMemPrint
                0x020371f0                hal_sysMemMalloc
                0x020372c0                hal_sysMemFree
                0x020373b4                hal_sysMemRemain
 .text          0x02037420      0xb4c ./Debug/src_hal_auadc.c.o
                0x02037420                _hal_auadcCallBackEnd
                0x0203751c                _hal_auadcCallBackHalf
                0x02037574                hal_audc_33ms_syncnt_clr
                0x020375a0                hal_audc_stamp_cal
                0x020375cc                hal_audc_stamp_out
                0x02037620                hal_audc_stamp_next
                0x0203767c                hal_auadcCallBackEnd
                0x020376f8                hal_auadcInit
                0x02037740                hal_auadcMemInit
                0x020377dc                hal_auadcMemUninit
                0x02037850                hal_auadc_cnt
                0x02037880                _hal_auadcStartForUAC
                0x02037960                hal_auadcStartForWAV
                0x02037a58                hal_auadcStartForAVI
                0x02037b7c                hal_auadcBufferGet
                0x02037c5c                hal_auadcBufferfree
                0x02037c88                hal_auadcStop
                0x02037cb0                hal_auadcBufferRelease
                0x02037cd8                hal_auadcUACProcess
                0x02037db8                hal_adcBuffer_prefull
                0x02037e1c                hal_adcBuffer_halffull
                0x02037e34                hal_adc_volume_set
                0x02037e54                hal_uac_send
                0x02037eb8                hal_auadcStartForUAC
 .text          0x02037f6c     0x2fa4 ./Debug/src_hal_mjpeg.c.o
                0x02037f6c                hal_mjpegStart
                0x02037f9c                hal_save_frame_isr
                0x02038020                hal_mjpeg_manual_on
                0x020381b0                hal_mjpegQualityCheck
                0x0203825c                hal_mjpegCallback_state
                0x02038298                hal_mjpegCallback
                0x020384d4                hal_mjpeg_manual_fdown
                0x02038728                hal_jA_fcnt_get
                0x02038758                hal_mjpeg_mallocbuf
                0x02038778                hal_mjpegEncodeResolutionImageQuad
                0x02038800                hal_mjpegSrcCSI
                0x02038944                hal_mjpegSrcRam
                0x02038958                hal_mjpegSrcColorBar
                0x020389e0                hal_Cut_SDR_SrcCSI
                0x02038ab4                hal_mjpegMemInit
                0x02038bfc                hal_mjpegEncode1Uninit
                0x02038c30                hal_mjpegMemUninit
                0x02038cd0                hal_mjpegMemUninit1
                0x02038d5c                hal_mjpegEncodeInit
                0x02038dc8                hal_mjpegEncodeUninit
                0x02038e18                hal_mjpegEncodeUninit1
                0x02038e68                hal_mjpegPhotoUninit
                0x02038ef4                hal_mjpegEncodeResolution
                0x02038f54                hal_mjpegEncodeResolutionImage
                0x02038fd0                hal_mjpegSizecalculate
                0x02038ff8                hal_mjpeg_linebuf_switch
                0x020390cc                hal_mjpeg_manual_quad_fdown
                0x020391c0                hal_mjpeg_manual_quad_on
                0x02039244                hal_mjpeg_manual_get_csi_yuv_sta
                0x02039264                hal_mjpeg_manual_on_frame
                0x020392cc                hal_mjpegUVCStart
                0x02039638                hal_mjpegGetJpegAddr
                0x02039658                hal_mjpegPhotoStart
                0x02039ab0                hal_mjpegAVIStart
                0x02039e58                hal_mjpeg_avi_crop
                0x02039fa4                hal_mjpegRawDataGet
                0x02039fbc                hal_mjpegRawBuffer_prefull
                0x0203a02c                hal_mjpegRawBuffer_halffull
                0x0203a09c                hal_mjpegRawBufferfree
                0x0203a0c4                hal_mjpegRawBufferGet
                0x0203a1f8                hal_mjpegRawDataSet
                0x0203a220                hal_mjpegHeaderParse
                0x0203a8f0                hal_mjpegDecodeGetResolution
                0x0203a938                hal_mjpegDecodeSetResolution
                0x0203a95c                hal_mjpeglDecodeGetResolution
                0x0203a994                hal_mjpeglDecodeSetResolution
                0x0203a9c0                hal_mjpegDecodeStatusCheck
                0x0203a9e0                hal_mjpegDecodeErrorCheck
                0x0203aa00                hal_mjpegDecodeMiniSize
                0x0203ab84                hal_mjpegDecodeStop
                0x0203aba4                hal_mjpegDecodeReset
                0x0203abd0                hal_mjpegDecodePicture
                0x0203ac40                hal_mjpegDecodeNoIsr
                0x0203acac                hal_mjpegDecodeParse
                0x0203acdc                hal_mjpegDecodeOneFrame
                0x0203ad34                hal_mjpegDecodeOneFrame_Ext
                0x0203adbc                hal_mjpegDecodeRestart_Ext
                0x0203ae28                hal_mjpegDecodeOneFrame_Fast
                0x0203aeec                hal_mjpegDecodeODma1Cfg
 .text          0x0203af10       0x34 ./Debug/src_hal_int.c.o
                0x0203af10                hal_intInit
 .text          0x0203af44        0x0 ./Debug/src_hal_wdt.c.o
 .text          0x0203af44      0x4bc ./Debug/src_hal_stream.c.o
                0x0203af44                hal_streamInit
                0x0203b03c                hal_streamMalloc
                0x0203b124                hal_streamIn_Drop
                0x0203b188                hal_streamIn
                0x0203b224                hal_streamOut
                0x0203b2b0                hal_streamOut_next
                0x0203b340                hal_streamfree
                0x0203b3e8                hal_stream_size
 .text          0x0203b400        0x0 ./Debug/src_hal_emi.c.o
 .text          0x0203b400      0x1a8 ./Debug/src_hal_osdcmp.c.o
                0x0203b478                hal_osdcmpStart
                0x0203b55c                hal_osdcmpInit
                0x0203b584                hal_osdcmpCompOneFrame
 .text          0x0203b5a8      0x318 ./Debug/src_hal_rotate.c.o
                0x0203b73c                hal_rotateInit
                0x0203b790                hal_rotateAdd
 .text          0x0203b8c0      0xa40 ./Debug/src_hal_lcdframe.c.o
                0x0203b8c0                hal_lcdAddrCalculate
                0x0203b96c                hal_dispframeInit
                0x0203bf10                hal_dispframeVideoCfg
                0x0203c194                hal_dispframeMalloc
                0x0203c228                hal_dispframeFree
                0x0203c2b4                hal_dispframeSetCallback
                0x0203c2cc                hal_dispframeGetFrameNums
 .text          0x0203c300      0xdb4 ./Debug/src_hal_custom_yuv.c.o
                0x0203c54c                hal_custom_frame_init
                0x0203c580                hal_custom_frame_create
                0x0203c878                hal_custom_frame_unit
                0x0203c8fc                hal_custom_frame_add_enable
                0x0203c944                hal_custom_frame_add_lcd
                0x0203c9d0                hal_custom_frame_add_mjpeg
                0x0203ca48                hal_custom_frame_add_Lmjpeg
                0x0203cae8                hal_custom_frame_add_mjpeg2
                0x0203cd9c                hal_custom_frame_reset_sensor_szie
                0x0203cdf8                decodePic
 .text          0x0203d0b4      0x594 ./Debug/dusb_hal_usb_api.c.o
                0x0203d0b4                usb_bulk_tx
                0x0203d0e0                usb_bulk_rx
                0x0203d10c                hal_usbdReset
                0x0203d13c                usb_uvciso_kick
                0x0203d16c                usb_uvciso_wait_txdown
                0x0203d190                usb_uaciso_kick
                0x0203d1c0                usb_uaciso_wait_txdown
                0x0203d1e4                uac_on
                0x0203d20c                uac_off
                0x0203d22c                usb_fun_reg
                0x0203d380                hal_usbdInit
                0x0203d3c0                hal_usbdUninit
                0x0203d400                hal_usbdEnable
                0x0203d428                hal_usbdUVCProcess
                0x0203d5f4                hal_usbdProcess
                0x0203d628                hal_usbdCheck
 .text          0x0203d648      0xf94 ./Debug/dusb_hal_usb_dev_enum.c.o
                0x0203d648                usb_ep0_tx
                0x0203d6c8                usbdev_stack_init
                0x0203d6f8                usbdev_rqu
                0x0203d720                usbdev_reset
                0x0203d74c                usb_bot_reset
                0x0203d798                usb_check_faddr
                0x0203d7e4                usb_ep0_clrrx_pkt0
                0x0203d820                usb_stall_ep
                0x0203d8ac                usb_clear_ep
                0x0203d928                usb_ep0_get_request
                0x0203d970                usb_ep0_transfer
                0x0203da24                usb_ep0_receive
                0x0203da7c                usb_ep0_get_status
                0x0203db8c                usb_ep0_clr_feature
                0x0203dc04                usb_ep0_set_feature
                0x0203dc74                usb_ep0_set_address
                0x0203dd08                usb_ep0_get_configuration
                0x0203dd5c                usb_ep0_set_configuration
                0x0203ddd8                usb_ep0_get_interface
                0x0203de20                uvc_ready
                0x0203de48                uac_ready
                0x0203de70                usb_ep0_set_interface
                0x0203dfc4                usb_ep0_descriptor
                0x0203e030                usb_ep0_get_descriptor
                0x0203e140                usb_ep0_standard
                0x0203e1dc                usb_ep0_class_get_lun
                0x0203e220                usb_ep0_class
                0x0203e328                usb_ep0_request
                0x0203e374                usb_ep0_hal
                0x0203e468                enum_epx_cfg
                0x0203e508                usb_dev_enum_reg
 .text          0x0203e5dc     0x165c ./Debug/dusb_hal_usb_msc.c.o
                0x0203e5dc                msc_epx_cfg
                0x0203e67c                ScsiStallAll
                0x0203e704                ScsiStallIn
                0x0203e774                ScsiStallout
                0x0203e7b8                dev_online
                0x0203e7e8                dev_cap
                0x0203e814                dev_stop
                0x0203e840                dev_busy
                0x0203e86c                dev_free
                0x0203e898                mscSet_Status
                0x0203e8d4                Host_In_Data